02:09:25:432  WARN 4056 --- [HikariPool-1 housekeeper] com.zaxxer.hikari.pool.HikariPool        : HikariPool-1 - Thread starvation or clock leap detected (housekeeper delta=17m7s350ms).
03:37:56:416  WARN 4056 --- [HikariPool-1 housekeeper] com.zaxxer.hikari.pool.HikariPool        : HikariPool-1 - Retrograde clock change detected (housekeeper delta=29s871ms), soft-evicting connections from pool.
05:40:01:798  WARN 4056 --- [HikariPool-1 housekeeper] com.zaxxer.hikari.pool.HikariPool        : HikariPool-1 - Thread starvation or clock leap detected (housekeeper delta=16m3s991ms).
05:52:45:763  WARN 4056 --- [HikariPool-1 housekeeper] com.zaxxer.hikari.pool.HikariPool        : HikariPool-1 - Thread starvation or clock leap detected (housekeeper delta=12m43s965ms).
07:20:35:768  WARN 4056 --- [HikariPool-1 housekeeper] com.zaxxer.hikari.pool.HikariPool        : HikariPool-1 - Thread starvation or clock leap detected (housekeeper delta=14m18s984ms).
08:39:36:243  WARN 4056 --- [HikariPool-1 housekeeper] com.zaxxer.hikari.pool.HikariPool        : HikariPool-1 - Thread starvation or clock leap detected (housekeeper delta=15m59s580ms).
11:20:29:734  WARN 4056 --- [HikariPool-1 housekeeper] com.zaxxer.hikari.pool.HikariPool        : HikariPool-1 - Thread starvation or clock leap detected (housekeeper delta=1m21s651ms).
11:22:25:460  WARN 4056 --- [HikariPool-1 housekeeper] com.zaxxer.hikari.pool.HikariPool        : HikariPool-1 - Thread starvation or clock leap detected (housekeeper delta=1m25s696ms).
11:24:19:733  WARN 4056 --- [HikariPool-1 housekeeper] com.zaxxer.hikari.pool.HikariPool        : HikariPool-1 - Thread starvation or clock leap detected (housekeeper delta=1m24s263ms).
11:25:37:079  WARN 4056 --- [HikariPool-1 housekeeper] com.zaxxer.hikari.pool.HikariPool        : HikariPool-1 - Thread starvation or clock leap detected (housekeeper delta=1m17s346ms).
11:28:07:780  WARN 4056 --- [HikariPool-1 housekeeper] com.zaxxer.hikari.pool.HikariPool        : HikariPool-1 - Thread starvation or clock leap detected (housekeeper delta=2m691ms).
11:29:29:632  WARN 4056 --- [HikariPool-1 housekeeper] com.zaxxer.hikari.pool.HikariPool        : HikariPool-1 - Thread starvation or clock leap detected (housekeeper delta=1m21s852ms).
11:31:17:370  WARN 4056 --- [HikariPool-1 housekeeper] com.zaxxer.hikari.pool.HikariPool        : HikariPool-1 - Thread starvation or clock leap detected (housekeeper delta=1m17s730ms).
11:32:38:103  WARN 4056 --- [HikariPool-1 housekeeper] com.zaxxer.hikari.pool.HikariPool        : HikariPool-1 - Thread starvation or clock leap detected (housekeeper delta=1m20s733ms).
11:34:16:077  WARN 4056 --- [HikariPool-1 housekeeper] com.zaxxer.hikari.pool.HikariPool        : HikariPool-1 - Thread starvation or clock leap detected (housekeeper delta=1m7s964ms).
11:35:38:393  WARN 4056 --- [HikariPool-1 housekeeper] com.zaxxer.hikari.pool.HikariPool        : HikariPool-1 - Thread starvation or clock leap detected (housekeeper delta=1m22s317ms).
11:37:33:800  WARN 4056 --- [HikariPool-1 housekeeper] com.zaxxer.hikari.pool.HikariPool        : HikariPool-1 - Thread starvation or clock leap detected (housekeeper delta=1m25s407ms).
11:39:27:641  WARN 4056 --- [HikariPool-1 housekeeper] com.zaxxer.hikari.pool.HikariPool        : HikariPool-1 - Thread starvation or clock leap detected (housekeeper delta=1m23s829ms).
13:40:12:012  WARN 4056 --- [HikariPool-1 housekeeper] com.zaxxer.hikari.pool.HikariPool        : HikariPool-1 - Thread starvation or clock leap detected (housekeeper delta=1m12s209ms).
13:42:03:998  WARN 4056 --- [HikariPool-1 housekeeper] com.zaxxer.hikari.pool.HikariPool        : HikariPool-1 - Thread starvation or clock leap detected (housekeeper delta=1m21s972ms).
13:43:14:879  WARN 4056 --- [HikariPool-1 housekeeper] com.zaxxer.hikari.pool.HikariPool        : HikariPool-1 - Thread starvation or clock leap detected (housekeeper delta=1m10s882ms).
13:45:03:424  WARN 4056 --- [HikariPool-1 housekeeper] com.zaxxer.hikari.pool.HikariPool        : HikariPool-1 - Thread starvation or clock leap detected (housekeeper delta=1m18s533ms).
13:47:04:855  WARN 4056 --- [HikariPool-1 housekeeper] com.zaxxer.hikari.pool.HikariPool        : HikariPool-1 - Thread starvation or clock leap detected (housekeeper delta=2m1s431ms).
16:31:11:494  WARN 4056 --- [HikariPool-1 housekeeper] com.zaxxer.hikari.pool.HikariPool        : HikariPool-1 - Thread starvation or clock leap detected (housekeeper delta=1m20s415ms).
16:33:04:165  WARN 4056 --- [HikariPool-1 housekeeper] com.zaxxer.hikari.pool.HikariPool        : HikariPool-1 - Thread starvation or clock leap detected (housekeeper delta=1m22s657ms).
16:34:27:111  WARN 4056 --- [HikariPool-1 housekeeper] com.zaxxer.hikari.pool.HikariPool        : HikariPool-1 - Thread starvation or clock leap detected (housekeeper delta=1m22s946ms).
16:36:18:229  WARN 4056 --- [HikariPool-1 housekeeper] com.zaxxer.hikari.pool.HikariPool        : HikariPool-1 - Thread starvation or clock leap detected (housekeeper delta=1m21s112ms).
16:37:27:000  WARN 4056 --- [HikariPool-1 housekeeper] com.zaxxer.hikari.pool.HikariPool        : HikariPool-1 - Thread starvation or clock leap detected (housekeeper delta=1m8s771ms).
16:39:12:673  WARN 4056 --- [HikariPool-1 housekeeper] com.zaxxer.hikari.pool.HikariPool        : HikariPool-1 - Thread starvation or clock leap detected (housekeeper delta=1m15s662ms).
16:40:21:829  WARN 4056 --- [HikariPool-1 housekeeper] com.zaxxer.hikari.pool.HikariPool        : HikariPool-1 - Thread starvation or clock leap detected (housekeeper delta=1m9s156ms).
16:42:17:452  WARN 4056 --- [HikariPool-1 housekeeper] com.zaxxer.hikari.pool.HikariPool        : HikariPool-1 - Thread starvation or clock leap detected (housekeeper delta=1m25s616ms).
16:43:39:856  WARN 4056 --- [HikariPool-1 housekeeper] com.zaxxer.hikari.pool.HikariPool        : HikariPool-1 - Thread starvation or clock leap detected (housekeeper delta=1m22s404ms).
16:45:20:221  WARN 4056 --- [HikariPool-1 housekeeper] com.zaxxer.hikari.pool.HikariPool        : HikariPool-1 - Thread starvation or clock leap detected (housekeeper delta=1m10s358ms).
16:47:15:912  WARN 4056 --- [HikariPool-1 housekeeper] com.zaxxer.hikari.pool.HikariPool        : HikariPool-1 - Thread starvation or clock leap detected (housekeeper delta=1m25s686ms).
16:48:30:085  WARN 4056 --- [HikariPool-1 housekeeper] com.zaxxer.hikari.pool.HikariPool        : HikariPool-1 - Thread starvation or clock leap detected (housekeeper delta=1m14s173ms).
16:50:12:634  WARN 4056 --- [HikariPool-1 housekeeper] com.zaxxer.hikari.pool.HikariPool        : HikariPool-1 - Thread starvation or clock leap detected (housekeeper delta=1m12s541ms).
16:51:35:561  WARN 4056 --- [HikariPool-1 housekeeper] com.zaxxer.hikari.pool.HikariPool        : HikariPool-1 - Thread starvation or clock leap detected (housekeeper delta=1m22s927ms).
16:53:29:850  WARN 4056 --- [HikariPool-1 housekeeper] com.zaxxer.hikari.pool.HikariPool        : HikariPool-1 - Thread starvation or clock leap detected (housekeeper delta=1m24s278ms).
16:54:53:186  WARN 4056 --- [HikariPool-1 housekeeper] com.zaxxer.hikari.pool.HikariPool        : HikariPool-1 - Thread starvation or clock leap detected (housekeeper delta=1m23s336ms).
16:56:45:926  WARN 4056 --- [HikariPool-1 housekeeper] com.zaxxer.hikari.pool.HikariPool        : HikariPool-1 - Thread starvation or clock leap detected (housekeeper delta=1m22s739ms).
18:20:52:031  INFO 4056 --- [SpringApplicationShutdownHook] com.zaxxer.hikari.HikariDataSource       : HikariPool-1 - Shutdown initiated...
18:20:52:053  INFO 4056 --- [SpringApplicationShutdownHook] com.zaxxer.hikari.HikariDataSource       : HikariPool-1 - Shutdown completed.
18:20:55:676  INFO 49622 --- [main] com.hmall.cart.CartApplication           : Starting CartApplication using Java 11.0.31 on MacBook-Pro.local with PID 49622 (/Users/Admin/IdeaProjects/hmall/cart-service/target/classes started by Admin in /Users/Admin/IdeaProjects/hmall)
18:20:55:677 DEBUG 49622 --- [main] com.hmall.cart.CartApplication           : Running with Spring Boot v2.7.12, Spring v5.3.27
18:20:55:677  INFO 49622 --- [main] com.hmall.cart.CartApplication           : The following 1 profile is active: "dev"
18:20:56:090  INFO 49622 --- [main] o.s.cloud.context.scope.GenericScope     : BeanFactory id=d0a792aa-3065-381b-9419-b35ae00ede92
18:20:56:249  INFO 49622 --- [main] o.s.b.w.embedded.tomcat.TomcatWebServer  : Tomcat initialized with port(s): 8083 (http)
18:20:56:254  INFO 49622 --- [main] o.apache.catalina.core.StandardService   : Starting service [Tomcat]
18:20:56:254  INFO 49622 --- [main] org.apache.catalina.core.StandardEngine  : Starting Servlet engine: [Apache Tomcat/9.0.75]
18:20:56:316  INFO 49622 --- [main] o.a.c.c.C.[Tomcat].[localhost].[/]       : Initializing Spring embedded WebApplicationContext
18:20:56:316  INFO 49622 --- [main] w.s.c.ServletWebServerApplicationContext : Root WebApplicationContext: initialization completed in 622 ms
18:20:56:709  INFO 49622 --- [main] pertySourcedRequestMappingHandlerMapping : Mapped URL path [/v2/api-docs] onto method [springfox.documentation.swagger2.web.Swagger2ControllerWebMvc#getDocumentation(String, HttpServletRequest)]
18:20:56:789  INFO 49622 --- [main] com.alibaba.nacos.common.remote.client   : [RpcClientFactory] create a new rpc client of 025145f3-368e-42ef-bb5f-56536b24cf2f
18:20:56:809  INFO 49622 --- [main] org.reflections.Reflections              : Reflections took 11 ms to scan 1 urls, producing 3 keys and 6 values 
18:20:56:820  INFO 49622 --- [main] org.reflections.Reflections              : Reflections took 5 ms to scan 1 urls, producing 4 keys and 9 values 
18:20:56:826  INFO 49622 --- [main] org.reflections.Reflections              : Reflections took 4 ms to scan 1 urls, producing 3 keys and 10 values 
18:20:56:827  WARN 49622 --- [main] org.reflections.Reflections              : given scan urls are empty. set urls in the configuration
18:20:56:832  INFO 49622 --- [main] org.reflections.Reflections              : Reflections took 4 ms to scan 1 urls, producing 1 keys and 5 values 
18:20:56:837  INFO 49622 --- [main] org.reflections.Reflections              : Reflections took 4 ms to scan 1 urls, producing 1 keys and 7 values 
18:20:56:843  INFO 49622 --- [main] org.reflections.Reflections              : Reflections took 5 ms to scan 1 urls, producing 2 keys and 8 values 
18:20:56:844  WARN 49622 --- [main] org.reflections.Reflections              : given scan urls are empty. set urls in the configuration
18:20:56:844  INFO 49622 --- [main] com.alibaba.nacos.common.remote.client   : [025145f3-368e-42ef-bb5f-56536b24cf2f] RpcClient init label, labels = {module=naming, source=sdk}
18:20:56:845  INFO 49622 --- [main] com.alibaba.nacos.common.remote.client   : [025145f3-368e-42ef-bb5f-56536b24cf2f] RpcClient init, ServerListFactory = com.alibaba.nacos.client.naming.core.ServerListManager
18:20:56:845  INFO 49622 --- [main] com.alibaba.nacos.common.remote.client   : [025145f3-368e-42ef-bb5f-56536b24cf2f] Registry connection listener to current client:com.alibaba.nacos.client.naming.remote.gprc.redo.NamingGrpcRedoService
18:20:56:846  INFO 49622 --- [main] com.alibaba.nacos.common.remote.client   : [025145f3-368e-42ef-bb5f-56536b24cf2f] Register server push request handler:com.alibaba.nacos.client.naming.remote.gprc.NamingPushRequestHandler
18:20:56:846  INFO 49622 --- [main] com.alibaba.nacos.common.remote.client   : [025145f3-368e-42ef-bb5f-56536b24cf2f] Try to connect to server on start up, server: {serverIp = 'localhost', server main port = 8848}
18:20:57:262  INFO 49622 --- [main] com.alibaba.nacos.common.remote.client   : [025145f3-368e-42ef-bb5f-56536b24cf2f] Success to connect to server [localhost:8848] on start up, connectionId = 1782382857110_192.168.65.1_53191
18:20:57:262  INFO 49622 --- [com.alibaba.nacos.client.remote.worker] com.alibaba.nacos.common.remote.client   : [025145f3-368e-42ef-bb5f-56536b24cf2f] Notify connected event to listeners.
18:20:57:263  INFO 49622 --- [main] com.alibaba.nacos.common.remote.client   : [025145f3-368e-42ef-bb5f-56536b24cf2f] Register server push request handler:com.alibaba.nacos.common.remote.client.RpcClient$ConnectResetRequestHandler
18:20:57:264  INFO 49622 --- [main] com.alibaba.nacos.common.remote.client   : [025145f3-368e-42ef-bb5f-56536b24cf2f] Register server push request handler:com.alibaba.nacos.common.remote.client.RpcClient$$Lambda$901/0x0000000800683c40
18:20:57:339  INFO 49622 --- [main] o.s.b.w.embedded.tomcat.TomcatWebServer  : Tomcat started on port(s): 8083 (http) with context path ''
18:20:57:359  INFO 49622 --- [main] c.a.c.n.registry.NacosServiceRegistry    : nacos registry, DEFAULT_GROUP cart-service 172.30.193.44:8083 register finished
18:20:57:360  INFO 49622 --- [main] d.s.w.p.DocumentationPluginsBootstrapper : Documentation plugins bootstrapped
18:20:57:362  INFO 49622 --- [main] d.s.w.p.DocumentationPluginsBootstrapper : Found 1 custom documentation plugin(s)
18:20:57:374  INFO 49622 --- [main] s.d.s.w.s.ApiListingReferenceScanner     : Scanning for api listing references
18:20:57:421  INFO 49622 --- [main] com.hmall.cart.CartApplication           : Started CartApplication in 1.995 seconds (JVM running for 2.467)
18:20:57:837  INFO 49622 --- [nacos-grpc-client-executor-11] com.alibaba.nacos.common.remote.client   : [025145f3-368e-42ef-bb5f-56536b24cf2f] Receive server push request, request = NotifySubscriberRequest, requestId = 4
18:20:57:839  INFO 49622 --- [nacos-grpc-client-executor-11] com.alibaba.nacos.common.remote.client   : [025145f3-368e-42ef-bb5f-56536b24cf2f] Ack server push request, request = NotifySubscriberRequest, requestId = 4
18:21:38:437  INFO 49622 --- [http-nio-8083-exec-1] o.a.c.c.C.[Tomcat].[localhost].[/]       : Initializing Spring DispatcherServlet 'dispatcherServlet'
18:21:38:437  INFO 49622 --- [http-nio-8083-exec-1] o.s.web.servlet.DispatcherServlet        : Initializing Servlet 'dispatcherServlet'
18:21:38:439  INFO 49622 --- [http-nio-8083-exec-1] o.s.web.servlet.DispatcherServlet        : Completed initialization in 2 ms
18:21:44:436  INFO 49622 --- [http-nio-8083-exec-4] com.zaxxer.hikari.HikariDataSource       : HikariPool-1 - Starting...
18:21:44:618  INFO 49622 --- [http-nio-8083-exec-4] com.zaxxer.hikari.HikariDataSource       : HikariPool-1 - Start completed.
18:21:44:622 DEBUG 49622 --- [http-nio-8083-exec-4] c.h.cart.mapper.CartMapper.selectList    : ==>  Preparing: SELECT id,user_id,item_id,num,name,spec,price,image,create_time,update_time FROM cart WHERE (user_id = ?)
18:21:44:634 DEBUG 49622 --- [http-nio-8083-exec-4] c.h.cart.mapper.CartMapper.selectList    : ==> Parameters: 1(Integer)
18:21:44:662 DEBUG 49622 --- [http-nio-8083-exec-4] c.h.cart.mapper.CartMapper.selectList    : <==      Total: 1
18:21:45:273  INFO 49622 --- [nacos-grpc-client-executor-33] com.alibaba.nacos.common.remote.client   : [025145f3-368e-42ef-bb5f-56536b24cf2f] Receive server push request, request = NotifySubscriberRequest, requestId = 5
18:21:45:274  INFO 49622 --- [nacos-grpc-client-executor-33] com.alibaba.nacos.common.remote.client   : [025145f3-368e-42ef-bb5f-56536b24cf2f] Ack server push request, request = NotifySubscriberRequest, requestId = 5
18:21:59:198  WARN 49622 --- [Thread-4] c.a.nacos.common.notify.NotifyCenter     : [NotifyCenter] Start destroying Publisher
18:21:59:198  WARN 49622 --- [Thread-7] c.a.n.common.http.HttpClientBeanHolder   : [HttpClientBeanHolder] Start destroying common HttpClient
18:21:59:198  WARN 49622 --- [Thread-4] c.a.nacos.common.notify.NotifyCenter     : [NotifyCenter] Destruction of the end
18:21:59:199  WARN 49622 --- [Thread-7] c.a.n.common.http.HttpClientBeanHolder   : [HttpClientBeanHolder] Destruction of the end
18:21:59:222  INFO 49622 --- [SpringApplicationShutdownHook] c.a.c.n.registry.NacosServiceRegistry    : De-registering from Nacos Server now...
18:21:59:256  INFO 49622 --- [SpringApplicationShutdownHook] c.a.c.n.registry.NacosServiceRegistry    : De-registration finished.
18:21:59:572  INFO 49622 --- [SpringApplicationShutdownHook] com.alibaba.nacos.common.remote.client   : Shutdown rpc client, set status to shutdown
18:21:59:573  INFO 49622 --- [SpringApplicationShutdownHook] com.alibaba.nacos.common.remote.client   : Shutdown client event executor java.util.concurrent.ScheduledThreadPoolExecutor@4d1d2ee[Running, pool size = 2, active threads = 2, queued tasks = 0, completed tasks = 0]
18:21:59:573  INFO 49622 --- [SpringApplicationShutdownHook] com.alibaba.nacos.common.remote.client   : Close current connection 1782382857110_192.168.65.1_53191
18:21:59:577  INFO 49622 --- [SpringApplicationShutdownHook] c.a.n.c.remote.client.grpc.GrpcClient    : Shutdown grpc executor java.util.concurrent.ThreadPoolExecutor@66282a4f[Running, pool size = 11, active threads = 0, queued tasks = 0, completed tasks = 47]
18:21:59:582  INFO 49622 --- [SpringApplicationShutdownHook] com.zaxxer.hikari.HikariDataSource       : HikariPool-1 - Shutdown initiated...
18:21:59:596  INFO 49622 --- [SpringApplicationShutdownHook] com.zaxxer.hikari.HikariDataSource       : HikariPool-1 - Shutdown completed.
18:22:01:669  INFO 49712 --- [main] com.hmall.cart.CartApplication           : Starting CartApplication using Java 11.0.31 on MacBook-Pro.local with PID 49712 (/Users/Admin/IdeaProjects/hmall/cart-service/target/classes started by Admin in /Users/Admin/IdeaProjects/hmall)
18:22:01:672 DEBUG 49712 --- [main] com.hmall.cart.CartApplication           : Running with Spring Boot v2.7.12, Spring v5.3.27
18:22:01:672  INFO 49712 --- [main] com.hmall.cart.CartApplication           : The following 1 profile is active: "dev"
18:22:02:381  INFO 49712 --- [main] o.s.cloud.context.scope.GenericScope     : BeanFactory id=d0a792aa-3065-381b-9419-b35ae00ede92
18:22:02:538  INFO 49712 --- [main] o.s.b.w.embedded.tomcat.TomcatWebServer  : Tomcat initialized with port(s): 8083 (http)
18:22:02:542  INFO 49712 --- [main] o.apache.catalina.core.StandardService   : Starting service [Tomcat]
18:22:02:542  INFO 49712 --- [main] org.apache.catalina.core.StandardEngine  : Starting Servlet engine: [Apache Tomcat/9.0.75]
18:22:02:593  INFO 49712 --- [main] o.a.c.c.C.[Tomcat].[localhost].[/]       : Initializing Spring embedded WebApplicationContext
18:22:02:593  INFO 49712 --- [main] w.s.c.ServletWebServerApplicationContext : Root WebApplicationContext: initialization completed in 876 ms
18:22:03:052  INFO 49712 --- [main] pertySourcedRequestMappingHandlerMapping : Mapped URL path [/v2/api-docs] onto method [springfox.documentation.swagger2.web.Swagger2ControllerWebMvc#getDocumentation(String, HttpServletRequest)]
18:22:03:142  INFO 49712 --- [main] com.alibaba.nacos.common.remote.client   : [RpcClientFactory] create a new rpc client of b8bda797-3ec9-41cb-8500-4a03a38f8904
18:22:03:164  INFO 49712 --- [main] org.reflections.Reflections              : Reflections took 11 ms to scan 1 urls, producing 3 keys and 6 values 
18:22:03:177  INFO 49712 --- [main] org.reflections.Reflections              : Reflections took 5 ms to scan 1 urls, producing 4 keys and 9 values 
18:22:03:182  INFO 49712 --- [main] org.reflections.Reflections              : Reflections took 4 ms to scan 1 urls, producing 3 keys and 10 values 
18:22:03:184  WARN 49712 --- [main] org.reflections.Reflections              : given scan urls are empty. set urls in the configuration
18:22:03:188  INFO 49712 --- [main] org.reflections.Reflections              : Reflections took 4 ms to scan 1 urls, producing 1 keys and 5 values 
18:22:03:194  INFO 49712 --- [main] org.reflections.Reflections              : Reflections took 5 ms to scan 1 urls, producing 1 keys and 7 values 
18:22:03:200  INFO 49712 --- [main] org.reflections.Reflections              : Reflections took 5 ms to scan 1 urls, producing 2 keys and 8 values 
18:22:03:201  WARN 49712 --- [main] org.reflections.Reflections              : given scan urls are empty. set urls in the configuration
18:22:03:201  INFO 49712 --- [main] com.alibaba.nacos.common.remote.client   : [b8bda797-3ec9-41cb-8500-4a03a38f8904] RpcClient init label, labels = {module=naming, source=sdk}
18:22:03:203  INFO 49712 --- [main] com.alibaba.nacos.common.remote.client   : [b8bda797-3ec9-41cb-8500-4a03a38f8904] RpcClient init, ServerListFactory = com.alibaba.nacos.client.naming.core.ServerListManager
18:22:03:203  INFO 49712 --- [main] com.alibaba.nacos.common.remote.client   : [b8bda797-3ec9-41cb-8500-4a03a38f8904] Registry connection listener to current client:com.alibaba.nacos.client.naming.remote.gprc.redo.NamingGrpcRedoService
18:22:03:203  INFO 49712 --- [main] com.alibaba.nacos.common.remote.client   : [b8bda797-3ec9-41cb-8500-4a03a38f8904] Register server push request handler:com.alibaba.nacos.client.naming.remote.gprc.NamingPushRequestHandler
18:22:03:204  INFO 49712 --- [main] com.alibaba.nacos.common.remote.client   : [b8bda797-3ec9-41cb-8500-4a03a38f8904] Try to connect to server on start up, server: {serverIp = 'localhost', server main port = 8848}
18:22:03:689  INFO 49712 --- [main] com.alibaba.nacos.common.remote.client   : [b8bda797-3ec9-41cb-8500-4a03a38f8904] Success to connect to server [localhost:8848] on start up, connectionId = 1782382923511_192.168.65.1_50962
18:22:03:690  INFO 49712 --- [com.alibaba.nacos.client.remote.worker] com.alibaba.nacos.common.remote.client   : [b8bda797-3ec9-41cb-8500-4a03a38f8904] Notify connected event to listeners.
18:22:03:690  INFO 49712 --- [main] com.alibaba.nacos.common.remote.client   : [b8bda797-3ec9-41cb-8500-4a03a38f8904] Register server push request handler:com.alibaba.nacos.common.remote.client.RpcClient$ConnectResetRequestHandler
18:22:03:691  INFO 49712 --- [main] com.alibaba.nacos.common.remote.client   : [b8bda797-3ec9-41cb-8500-4a03a38f8904] Register server push request handler:com.alibaba.nacos.common.remote.client.RpcClient$$Lambda$901/0x000000080071e040
18:22:03:828  INFO 49712 --- [main] o.s.b.w.embedded.tomcat.TomcatWebServer  : Tomcat started on port(s): 8083 (http) with context path ''
18:22:03:886  INFO 49712 --- [main] c.a.c.n.registry.NacosServiceRegistry    : nacos registry, DEFAULT_GROUP cart-service 172.30.193.44:8083 register finished
18:22:03:887  INFO 49712 --- [main] d.s.w.p.DocumentationPluginsBootstrapper : Documentation plugins bootstrapped
18:22:03:889  INFO 49712 --- [main] d.s.w.p.DocumentationPluginsBootstrapper : Found 1 custom documentation plugin(s)
18:22:03:908  INFO 49712 --- [main] s.d.s.w.s.ApiListingReferenceScanner     : Scanning for api listing references
18:22:03:975  INFO 49712 --- [main] com.hmall.cart.CartApplication           : Started CartApplication in 2.695 seconds (JVM running for 3.52)
18:22:04:316  INFO 49712 --- [nacos-grpc-client-executor-10] com.alibaba.nacos.common.remote.client   : [b8bda797-3ec9-41cb-8500-4a03a38f8904] Receive server push request, request = NotifySubscriberRequest, requestId = 6
18:22:04:318  INFO 49712 --- [nacos-grpc-client-executor-10] com.alibaba.nacos.common.remote.client   : [b8bda797-3ec9-41cb-8500-4a03a38f8904] Ack server push request, request = NotifySubscriberRequest, requestId = 6
18:22:08:058  INFO 49712 --- [http-nio-8083-exec-1] o.a.c.c.C.[Tomcat].[localhost].[/]       : Initializing Spring DispatcherServlet 'dispatcherServlet'
18:22:08:058  INFO 49712 --- [http-nio-8083-exec-1] o.s.web.servlet.DispatcherServlet        : Initializing Servlet 'dispatcherServlet'
18:22:08:059  INFO 49712 --- [http-nio-8083-exec-1] o.s.web.servlet.DispatcherServlet        : Completed initialization in 1 ms
18:22:08:108  INFO 49712 --- [http-nio-8083-exec-1] com.zaxxer.hikari.HikariDataSource       : HikariPool-1 - Starting...
18:22:08:311  INFO 49712 --- [http-nio-8083-exec-1] com.zaxxer.hikari.HikariDataSource       : HikariPool-1 - Start completed.
18:22:08:315 DEBUG 49712 --- [http-nio-8083-exec-1] c.h.cart.mapper.CartMapper.selectList    : ==>  Preparing: SELECT id,user_id,item_id,num,name,spec,price,image,create_time,update_time FROM cart WHERE (user_id = ?)
18:22:08:326 DEBUG 49712 --- [http-nio-8083-exec-1] c.h.cart.mapper.CartMapper.selectList    : ==> Parameters: 1(Integer)
18:22:08:345 DEBUG 49712 --- [http-nio-8083-exec-1] c.h.cart.mapper.CartMapper.selectList    : <==      Total: 1
18:22:20:557  INFO 49712 --- [nacos-grpc-client-executor-15] com.alibaba.nacos.common.remote.client   : [b8bda797-3ec9-41cb-8500-4a03a38f8904] Receive server push request, request = NotifySubscriberRequest, requestId = 7
18:22:20:558  INFO 49712 --- [nacos-grpc-client-executor-15] com.alibaba.nacos.common.remote.client   : [b8bda797-3ec9-41cb-8500-4a03a38f8904] Ack server push request, request = NotifySubscriberRequest, requestId = 7
