00:41:58:685  INFO 20772 --- [com.alibaba.nacos.client.remote.worker] com.alibaba.nacos.common.remote.client   : [d2ab5536-03a2-4993-af4e-9e27f3af4b02] Server healthy check fail, currentConnection = 1784302335274_172.18.0.1_37642
00:41:58:690  INFO 20772 --- [com.alibaba.nacos.client.remote.worker] com.alibaba.nacos.common.remote.client   : [d2ab5536-03a2-4993-af4e-9e27f3af4b02] Try to reconnect to a new server, server is  not appointed, will choose a random server.
00:53:35:018  INFO 20772 --- [com.alibaba.nacos.client.remote.worker] com.alibaba.nacos.common.remote.client   : [d2ab5536-03a2-4993-af4e-9e27f3af4b02] Success to connect a server [localhost:8848], connectionId = 1784306514803_172.18.0.1_35000
00:53:35:018  INFO 20772 --- [com.alibaba.nacos.client.remote.worker] com.alibaba.nacos.common.remote.client   : [d2ab5536-03a2-4993-af4e-9e27f3af4b02] Abandon prev connection, server is localhost:8848, connectionId is 1784302335274_172.18.0.1_37642
00:53:35:018  INFO 20772 --- [com.alibaba.nacos.client.remote.worker] com.alibaba.nacos.common.remote.client   : Close current connection 1784302335274_172.18.0.1_37642
00:53:35:021  INFO 20772 --- [nacos-grpc-client-executor-428] c.a.n.c.remote.client.grpc.GrpcClient    : [1784302335274_172.18.0.1_37642]Ignore complete event,isRunning:false,isAbandon=true
00:53:35:024  INFO 20772 --- [com.alibaba.nacos.client.remote.worker] com.alibaba.nacos.common.remote.client   : [d2ab5536-03a2-4993-af4e-9e27f3af4b02] Notify disconnected event to listeners
00:53:35:026  INFO 20772 --- [com.alibaba.nacos.client.remote.worker] com.alibaba.nacos.common.remote.client   : [d2ab5536-03a2-4993-af4e-9e27f3af4b02] Notify connected event to listeners.
00:53:36:855  INFO 20772 --- [nacos-grpc-client-executor-431] com.alibaba.nacos.common.remote.client   : [d2ab5536-03a2-4993-af4e-9e27f3af4b02] Receive server push request, request = NotifySubscriberRequest, requestId = 11
00:53:36:855  INFO 20772 --- [nacos-grpc-client-executor-431] com.alibaba.nacos.common.remote.client   : [d2ab5536-03a2-4993-af4e-9e27f3af4b02] Ack server push request, request = NotifySubscriberRequest, requestId = 11
09:46:52:414  WARN 20772 --- [Thread-4] c.a.nacos.common.notify.NotifyCenter     : [NotifyCenter] Start destroying Publisher
09:46:52:414  WARN 20772 --- [Thread-7] c.a.n.common.http.HttpClientBeanHolder   : [HttpClientBeanHolder] Start destroying common HttpClient
09:46:52:424  WARN 20772 --- [Thread-4] c.a.nacos.common.notify.NotifyCenter     : [NotifyCenter] Destruction of the end
09:46:52:434  WARN 20772 --- [Thread-7] c.a.n.common.http.HttpClientBeanHolder   : [HttpClientBeanHolder] Destruction of the end
09:46:53:114  INFO 20772 --- [SpringApplicationShutdownHook] c.a.c.n.registry.NacosServiceRegistry    : De-registering from Nacos Server now...
09:46:53:122  INFO 20772 --- [SpringApplicationShutdownHook] c.a.c.n.registry.NacosServiceRegistry    : De-registration finished.
09:46:53:467  INFO 20772 --- [SpringApplicationShutdownHook] com.alibaba.nacos.common.remote.client   : Shutdown rpc client, set status to shutdown
09:46:53:467  INFO 20772 --- [SpringApplicationShutdownHook] com.alibaba.nacos.common.remote.client   : Shutdown client event executor java.util.concurrent.ScheduledThreadPoolExecutor@4d1d3d39[Running, pool size = 2, active threads = 2, queued tasks = 0, completed tasks = 0]
09:46:53:468  INFO 20772 --- [SpringApplicationShutdownHook] com.alibaba.nacos.common.remote.client   : Close current connection 1784306514803_172.18.0.1_35000
09:46:53:481  INFO 20772 --- [nacos-grpc-client-executor-1344] c.a.n.c.remote.client.grpc.GrpcClient    : [1784306514803_172.18.0.1_35000]Ignore complete event,isRunning:false,isAbandon=false
09:46:53:488  INFO 20772 --- [SpringApplicationShutdownHook] c.a.n.c.remote.client.grpc.GrpcClient    : Shutdown grpc executor java.util.concurrent.ThreadPoolExecutor@62729779[Running, pool size = 6, active threads = 0, queued tasks = 0, completed tasks = 1345]
09:47:20:150  INFO 38296 --- [main] com.hmall.trade.TradeApplication         : Starting TradeApplication using Java 11.0.31 on mugen with PID 38296 (D:\AAA_Web\IdeaProjects\hmall\trade-service\target\classes started by mugen in D:\AAA_Web\IdeaProjects\hmall)
09:47:20:152 DEBUG 38296 --- [main] com.hmall.trade.TradeApplication         : Running with Spring Boot v2.7.12, Spring v5.3.27
09:47:20:153  INFO 38296 --- [main] com.hmall.trade.TradeApplication         : The following 1 profile is active: "dev"
09:47:20:879  INFO 38296 --- [main] o.s.cloud.context.scope.GenericScope     : BeanFactory id=e982058c-39c1-339c-96a7-fc383989a981
09:47:21:144  INFO 38296 --- [main] o.s.b.w.embedded.tomcat.TomcatWebServer  : Tomcat initialized with port(s): 8085 (http)
09:47:21:151  INFO 38296 --- [main] o.apache.catalina.core.StandardService   : Starting service [Tomcat]
09:47:21:152  INFO 38296 --- [main] org.apache.catalina.core.StandardEngine  : Starting Servlet engine: [Apache Tomcat/9.0.75]
09:47:21:237  INFO 38296 --- [main] o.a.c.c.C.[Tomcat].[localhost].[/]       : Initializing Spring embedded WebApplicationContext
09:47:21:238  INFO 38296 --- [main] w.s.c.ServletWebServerApplicationContext : Root WebApplicationContext: initialization completed in 1052 ms
09:47:21:369  INFO 38296 --- [main] o.s.c.openfeign.FeignClientFactoryBean   : For 'item-service' URL not provided. Will try picking an instance via load-balancing.
09:47:22:756  INFO 38296 --- [main] o.s.c.openfeign.FeignClientFactoryBean   : For 'cart-service' URL not provided. Will try picking an instance via load-balancing.
09:47:23:637  INFO 38296 --- [main] pertySourcedRequestMappingHandlerMapping : Mapped URL path [/v2/api-docs] onto method [springfox.documentation.swagger2.web.Swagger2ControllerWebMvc#getDocumentation(String, HttpServletRequest)]
09:47:24:360  INFO 38296 --- [main] com.alibaba.nacos.common.remote.client   : [RpcClientFactory] create a new rpc client of 981628fd-1961-4862-9984-91ccb5baf84a
09:47:24:387  INFO 38296 --- [main] org.reflections.Reflections              : Reflections took 14 ms to scan 1 urls, producing 3 keys and 6 values 
09:47:24:412  INFO 38296 --- [main] org.reflections.Reflections              : Reflections took 16 ms to scan 1 urls, producing 4 keys and 9 values 
09:47:24:420  INFO 38296 --- [main] org.reflections.Reflections              : Reflections took 6 ms to scan 1 urls, producing 3 keys and 10 values 
09:47:24:422  WARN 38296 --- [main] org.reflections.Reflections              : given scan urls are empty. set urls in the configuration
09:47:24:427  INFO 38296 --- [main] org.reflections.Reflections              : Reflections took 5 ms to scan 1 urls, producing 1 keys and 5 values 
09:47:24:435  INFO 38296 --- [main] org.reflections.Reflections              : Reflections took 6 ms to scan 1 urls, producing 1 keys and 7 values 
09:47:24:442  INFO 38296 --- [main] org.reflections.Reflections              : Reflections took 5 ms to scan 1 urls, producing 2 keys and 8 values 
09:47:24:443  WARN 38296 --- [main] org.reflections.Reflections              : given scan urls are empty. set urls in the configuration
09:47:24:444  INFO 38296 --- [main] com.alibaba.nacos.common.remote.client   : [981628fd-1961-4862-9984-91ccb5baf84a] RpcClient init label, labels = {module=naming, source=sdk}
09:47:24:445  INFO 38296 --- [main] com.alibaba.nacos.common.remote.client   : [981628fd-1961-4862-9984-91ccb5baf84a] RpcClient init, ServerListFactory = com.alibaba.nacos.client.naming.core.ServerListManager
09:47:24:445  INFO 38296 --- [main] com.alibaba.nacos.common.remote.client   : [981628fd-1961-4862-9984-91ccb5baf84a] Registry connection listener to current client:com.alibaba.nacos.client.naming.remote.gprc.redo.NamingGrpcRedoService
09:47:24:446  INFO 38296 --- [main] com.alibaba.nacos.common.remote.client   : [981628fd-1961-4862-9984-91ccb5baf84a] Register server push request handler:com.alibaba.nacos.client.naming.remote.gprc.NamingPushRequestHandler
09:47:24:447  INFO 38296 --- [main] com.alibaba.nacos.common.remote.client   : [981628fd-1961-4862-9984-91ccb5baf84a] Try to connect to server on start up, server: {serverIp = 'localhost', server main port = 8848}
09:47:26:114  INFO 38296 --- [main] com.alibaba.nacos.common.remote.client   : [981628fd-1961-4862-9984-91ccb5baf84a] Success to connect to server [localhost:8848] on start up, connectionId = 1784339245933_172.18.0.1_34038
09:47:26:115  INFO 38296 --- [main] com.alibaba.nacos.common.remote.client   : [981628fd-1961-4862-9984-91ccb5baf84a] Register server push request handler:com.alibaba.nacos.common.remote.client.RpcClient$ConnectResetRequestHandler
09:47:26:115  INFO 38296 --- [com.alibaba.nacos.client.remote.worker] com.alibaba.nacos.common.remote.client   : [981628fd-1961-4862-9984-91ccb5baf84a] Notify connected event to listeners.
09:47:26:116  INFO 38296 --- [main] com.alibaba.nacos.common.remote.client   : [981628fd-1961-4862-9984-91ccb5baf84a] Register server push request handler:com.alibaba.nacos.common.remote.client.RpcClient$$Lambda$995/0x0000000840675440
09:47:26:188  INFO 38296 --- [main] o.s.b.w.embedded.tomcat.TomcatWebServer  : Tomcat started on port(s): 8085 (http) with context path ''
09:47:26:203  INFO 38296 --- [main] c.a.c.n.registry.NacosServiceRegistry    : nacos registry, DEFAULT_GROUP trade-service 192.168.138.1:8085 register finished
09:47:26:698  INFO 38296 --- [main] d.s.w.p.DocumentationPluginsBootstrapper : Documentation plugins bootstrapped
09:47:26:701  INFO 38296 --- [main] d.s.w.p.DocumentationPluginsBootstrapper : Found 1 custom documentation plugin(s)
09:47:26:719  INFO 38296 --- [nacos-grpc-client-executor-8] com.alibaba.nacos.common.remote.client   : [981628fd-1961-4862-9984-91ccb5baf84a] Receive server push request, request = NotifySubscriberRequest, requestId = 23
09:47:26:723  INFO 38296 --- [main] s.d.s.w.s.ApiListingReferenceScanner     : Scanning for api listing references
09:47:26:741  INFO 38296 --- [nacos-grpc-client-executor-8] com.alibaba.nacos.common.remote.client   : [981628fd-1961-4862-9984-91ccb5baf84a] Ack server push request, request = NotifySubscriberRequest, requestId = 23
09:47:26:793  INFO 38296 --- [main] com.hmall.trade.TradeApplication         : Started TradeApplication in 7.34 seconds (JVM running for 7.963)
09:51:38:464  INFO 38296 --- [http-nio-8085-exec-1] o.a.c.c.C.[Tomcat].[localhost].[/]       : Initializing Spring DispatcherServlet 'dispatcherServlet'
09:51:38:464  INFO 38296 --- [http-nio-8085-exec-1] o.s.web.servlet.DispatcherServlet        : Initializing Servlet 'dispatcherServlet'
09:51:38:465  INFO 38296 --- [http-nio-8085-exec-1] o.s.web.servlet.DispatcherServlet        : Completed initialization in 1 ms
09:51:38:508  INFO 38296 --- [http-nio-8085-exec-1] com.zaxxer.hikari.HikariDataSource       : HikariPool-1 - Starting...
09:51:38:695  INFO 38296 --- [http-nio-8085-exec-1] com.zaxxer.hikari.HikariDataSource       : HikariPool-1 - Start completed.
09:51:38:705 DEBUG 38296 --- [http-nio-8085-exec-1] com.hmall.api.client.ItemClient          : [ItemClient#queryItemByIds] ---> GET http://item-service/items?ids=2120808&ids=14741770661 HTTP/1.1
09:51:38:705 DEBUG 38296 --- [http-nio-8085-exec-1] com.hmall.api.client.ItemClient          : [ItemClient#queryItemByIds] user-info: 1
09:51:38:705 DEBUG 38296 --- [http-nio-8085-exec-1] com.hmall.api.client.ItemClient          : [ItemClient#queryItemByIds] ---> END HTTP (0-byte body)
09:51:38:822 DEBUG 38296 --- [http-nio-8085-exec-1] com.hmall.api.client.ItemClient          : [ItemClient#queryItemByIds] <--- HTTP/1.1 200  (116ms)
09:51:38:822 DEBUG 38296 --- [http-nio-8085-exec-1] com.hmall.api.client.ItemClient          : [ItemClient#queryItemByIds] connection: keep-alive
09:51:38:822 DEBUG 38296 --- [http-nio-8085-exec-1] com.hmall.api.client.ItemClient          : [ItemClient#queryItemByIds] content-type: application/json
09:51:38:822 DEBUG 38296 --- [http-nio-8085-exec-1] com.hmall.api.client.ItemClient          : [ItemClient#queryItemByIds] date: Sat, 18 Jul 2026 01:51:38 GMT
09:51:38:822 DEBUG 38296 --- [http-nio-8085-exec-1] com.hmall.api.client.ItemClient          : [ItemClient#queryItemByIds] keep-alive: timeout=60
09:51:38:822 DEBUG 38296 --- [http-nio-8085-exec-1] com.hmall.api.client.ItemClient          : [ItemClient#queryItemByIds] transfer-encoding: chunked
09:51:38:822 DEBUG 38296 --- [http-nio-8085-exec-1] com.hmall.api.client.ItemClient          : [ItemClient#queryItemByIds] 
09:51:38:823 DEBUG 38296 --- [http-nio-8085-exec-1] com.hmall.api.client.ItemClient          : [ItemClient#queryItemByIds] [{"id":"2120808","name":"姬龙雪 guy laroche女包 GL经典手提包女牛皮大容量单肩包女欧美时尚包包女包GS1210001-06杏色","price":71800,"stock":1,"image":"https://m.360buyimg.com/mobilecms/s720x720_jfs/t30694/267/398774087/90954/6fc143cf/5bf25358N14dadbf7.jpg!q70.jpg.webp","category":"真皮包","brand":"姬龙雪","spec":"{}","sold":0,"commentCount":0,"isAD":false,"status":1},{"id":"14741770661","name":"康佳（KONKA） LED49UC3 49英寸超薄曲面36核4K HDR人工智能电视","price":144600,"stock":10000,"image":"https://m.360buyimg.com/mobilecms/s720x720_jfs/t16477/84/2032772431/400946/2887be91/5a912776N7e343ec3.jpg!q70.jpg.webp","category":"曲面电视","brand":"康佳","spec":"{}","sold":0,"commentCount":0,"isAD":false,"status":1}]
09:51:38:823 DEBUG 38296 --- [http-nio-8085-exec-1] com.hmall.api.client.ItemClient          : [ItemClient#queryItemByIds] <--- END HTTP (772-byte body)
09:51:38:849 DEBUG 38296 --- [http-nio-8085-exec-1] c.hmall.trade.mapper.OrderMapper.insert  : ==>  Preparing: INSERT INTO `order` ( id, total_fee, payment_type, user_id, status ) VALUES ( ?, ?, ?, ?, ? )
09:51:38:860 DEBUG 38296 --- [http-nio-8085-exec-1] c.hmall.trade.mapper.OrderMapper.insert  : ==> Parameters: 2078296607815737346(Long), 216400(Integer), 3(Integer), 1(Long), 1(Integer)
09:51:38:870 DEBUG 38296 --- [http-nio-8085-exec-1] c.hmall.trade.mapper.OrderMapper.insert  : <==    Updates: 1
09:51:38:875 DEBUG 38296 --- [http-nio-8085-exec-1] c.h.t.mapper.OrderDetailMapper.insert    : ==>  Preparing: INSERT INTO order_detail ( order_id, item_id, num, name, spec, price, image ) VALUES ( ?, ?, ?, ?, ?, ?, ? )
09:51:38:876 DEBUG 38296 --- [http-nio-8085-exec-1] c.h.t.mapper.OrderDetailMapper.insert    : ==> Parameters: 2078296607815737346(Long), 2120808(Long), 1(Integer), 姬龙雪 guy laroche女包 GL经典手提包女牛皮大容量单肩包女欧美时尚包包女包GS1210001-06杏色(String), {}(String), 71800(Integer), https://m.360buyimg.com/mobilecms/s720x720_jfs/t30694/267/398774087/90954/6fc143cf/5bf25358N14dadbf7.jpg!q70.jpg.webp(String)
09:51:38:876 DEBUG 38296 --- [http-nio-8085-exec-1] c.h.t.mapper.OrderDetailMapper.insert    : ==> Parameters: 2078296607815737346(Long), 14741770661(Long), 1(Integer), 康佳（KONKA） LED49UC3 49英寸超薄曲面36核4K HDR人工智能电视(String), {}(String), 144600(Integer), https://m.360buyimg.com/mobilecms/s720x720_jfs/t16477/84/2032772431/400946/2887be91/5a912776N7e343ec3.jpg!q70.jpg.webp(String)
09:51:38:892 DEBUG 38296 --- [http-nio-8085-exec-1] com.hmall.api.client.CartClient          : [CartClient#deleteCartItemByIds] ---> DELETE http://cart-service/carts?ids=2120808&ids=14741770661 HTTP/1.1
09:51:38:892 DEBUG 38296 --- [http-nio-8085-exec-1] com.hmall.api.client.CartClient          : [CartClient#deleteCartItemByIds] user-info: 1
09:51:38:892 DEBUG 38296 --- [http-nio-8085-exec-1] com.hmall.api.client.CartClient          : [CartClient#deleteCartItemByIds] ---> END HTTP (0-byte body)
09:51:38:932 DEBUG 38296 --- [http-nio-8085-exec-1] com.hmall.api.client.CartClient          : [CartClient#deleteCartItemByIds] <--- HTTP/1.1 200  (40ms)
09:51:38:932 DEBUG 38296 --- [http-nio-8085-exec-1] com.hmall.api.client.CartClient          : [CartClient#deleteCartItemByIds] connection: keep-alive
09:51:38:932 DEBUG 38296 --- [http-nio-8085-exec-1] com.hmall.api.client.CartClient          : [CartClient#deleteCartItemByIds] content-length: 0
09:51:38:932 DEBUG 38296 --- [http-nio-8085-exec-1] com.hmall.api.client.CartClient          : [CartClient#deleteCartItemByIds] date: Sat, 18 Jul 2026 01:51:38 GMT
09:51:38:932 DEBUG 38296 --- [http-nio-8085-exec-1] com.hmall.api.client.CartClient          : [CartClient#deleteCartItemByIds] keep-alive: timeout=60
09:51:38:932 DEBUG 38296 --- [http-nio-8085-exec-1] com.hmall.api.client.CartClient          : [CartClient#deleteCartItemByIds] <--- END HTTP (0-byte body)
09:51:38:937 DEBUG 38296 --- [http-nio-8085-exec-1] com.hmall.api.client.ItemClient          : [ItemClient#deductStock] ---> PUT http://item-service/items/stock/deduct HTTP/1.1
09:51:38:937 DEBUG 38296 --- [http-nio-8085-exec-1] com.hmall.api.client.ItemClient          : [ItemClient#deductStock] Content-Length: 63
09:51:38:937 DEBUG 38296 --- [http-nio-8085-exec-1] com.hmall.api.client.ItemClient          : [ItemClient#deductStock] Content-Type: application/json
09:51:38:937 DEBUG 38296 --- [http-nio-8085-exec-1] com.hmall.api.client.ItemClient          : [ItemClient#deductStock] user-info: 1
09:51:38:937 DEBUG 38296 --- [http-nio-8085-exec-1] com.hmall.api.client.ItemClient          : [ItemClient#deductStock] 
09:51:38:937 DEBUG 38296 --- [http-nio-8085-exec-1] com.hmall.api.client.ItemClient          : [ItemClient#deductStock] [{"itemId":"2120808","num":1},{"itemId":"14741770661","num":1}]
09:51:38:937 DEBUG 38296 --- [http-nio-8085-exec-1] com.hmall.api.client.ItemClient          : [ItemClient#deductStock] ---> END HTTP (63-byte body)
09:51:38:954 DEBUG 38296 --- [http-nio-8085-exec-1] com.hmall.api.client.ItemClient          : [ItemClient#deductStock] <--- HTTP/1.1 200  (16ms)
09:51:38:954 DEBUG 38296 --- [http-nio-8085-exec-1] com.hmall.api.client.ItemClient          : [ItemClient#deductStock] connection: keep-alive
09:51:38:954 DEBUG 38296 --- [http-nio-8085-exec-1] com.hmall.api.client.ItemClient          : [ItemClient#deductStock] content-length: 0
09:51:38:954 DEBUG 38296 --- [http-nio-8085-exec-1] com.hmall.api.client.ItemClient          : [ItemClient#deductStock] date: Sat, 18 Jul 2026 01:51:38 GMT
09:51:38:954 DEBUG 38296 --- [http-nio-8085-exec-1] com.hmall.api.client.ItemClient          : [ItemClient#deductStock] keep-alive: timeout=60
09:51:38:954 DEBUG 38296 --- [http-nio-8085-exec-1] com.hmall.api.client.ItemClient          : [ItemClient#deductStock] <--- END HTTP (0-byte body)
09:51:39:034 DEBUG 38296 --- [http-nio-8085-exec-2] c.h.trade.mapper.OrderMapper.selectById  : ==>  Preparing: SELECT id,total_fee,payment_type,user_id,status,create_time,pay_time,consign_time,end_time,close_time,comment_time,update_time FROM `order` WHERE id=?
09:51:39:035 DEBUG 38296 --- [http-nio-8085-exec-2] c.h.trade.mapper.OrderMapper.selectById  : ==> Parameters: 2078296607815737346(Long)
09:51:39:046 DEBUG 38296 --- [http-nio-8085-exec-2] c.h.trade.mapper.OrderMapper.selectById  : <==      Total: 1
09:51:39:316  INFO 38296 --- [nacos-grpc-client-executor-66] com.alibaba.nacos.common.remote.client   : [981628fd-1961-4862-9984-91ccb5baf84a] Receive server push request, request = NotifySubscriberRequest, requestId = 32
09:51:39:317  INFO 38296 --- [nacos-grpc-client-executor-66] com.alibaba.nacos.common.remote.client   : [981628fd-1961-4862-9984-91ccb5baf84a] Ack server push request, request = NotifySubscriberRequest, requestId = 32
09:51:39:415  INFO 38296 --- [nacos-grpc-client-executor-67] com.alibaba.nacos.common.remote.client   : [981628fd-1961-4862-9984-91ccb5baf84a] Receive server push request, request = NotifySubscriberRequest, requestId = 33
09:51:39:415  INFO 38296 --- [nacos-grpc-client-executor-67] com.alibaba.nacos.common.remote.client   : [981628fd-1961-4862-9984-91ccb5baf84a] Ack server push request, request = NotifySubscriberRequest, requestId = 33
09:57:32:756 DEBUG 38296 --- [http-nio-8085-exec-4] com.hmall.api.client.ItemClient          : [ItemClient#queryItemByIds] ---> GET http://item-service/items?ids=40305713537 HTTP/1.1
09:57:32:757 DEBUG 38296 --- [http-nio-8085-exec-4] com.hmall.api.client.ItemClient          : [ItemClient#queryItemByIds] user-info: 1
09:57:32:757 DEBUG 38296 --- [http-nio-8085-exec-4] com.hmall.api.client.ItemClient          : [ItemClient#queryItemByIds] ---> END HTTP (0-byte body)
09:57:32:769 DEBUG 38296 --- [http-nio-8085-exec-4] com.hmall.api.client.ItemClient          : [ItemClient#queryItemByIds] <--- HTTP/1.1 200  (12ms)
09:57:32:769 DEBUG 38296 --- [http-nio-8085-exec-4] com.hmall.api.client.ItemClient          : [ItemClient#queryItemByIds] connection: keep-alive
09:57:32:769 DEBUG 38296 --- [http-nio-8085-exec-4] com.hmall.api.client.ItemClient          : [ItemClient#queryItemByIds] content-type: application/json
09:57:32:769 DEBUG 38296 --- [http-nio-8085-exec-4] com.hmall.api.client.ItemClient          : [ItemClient#queryItemByIds] date: Sat, 18 Jul 2026 01:57:32 GMT
09:57:32:769 DEBUG 38296 --- [http-nio-8085-exec-4] com.hmall.api.client.ItemClient          : [ItemClient#queryItemByIds] keep-alive: timeout=60
09:57:32:769 DEBUG 38296 --- [http-nio-8085-exec-4] com.hmall.api.client.ItemClient          : [ItemClient#queryItemByIds] transfer-encoding: chunked
09:57:32:769 DEBUG 38296 --- [http-nio-8085-exec-4] com.hmall.api.client.ItemClient          : [ItemClient#queryItemByIds] 
09:57:32:770 DEBUG 38296 --- [http-nio-8085-exec-4] com.hmall.api.client.ItemClient          : [ItemClient#queryItemByIds] [{"id":"40305713537","name":"【官方正品 品牌直营】奥古狮登小白鞋女秋季透气2018新款百搭韩版休闲鞋运动鞋女鞋厚底板鞋女 浅蓝【厚底】 41","price":35400,"stock":10000,"image":"https://m.360buyimg.com/mobilecms/s720x720_jfs/t1/14147/34/2890/275451/5c225484Ebd346404/e61513be4639ee2e.jpg!q70.jpg.webp","category":"休闲鞋","brand":"奥古狮登","spec":"{\"颜色\": \"金色\", \"尺码\": \"41\"}","sold":0,"commentCount":0,"isAD":false,"status":1}]
09:57:32:770 DEBUG 38296 --- [http-nio-8085-exec-4] com.hmall.api.client.ItemClient          : [ItemClient#queryItemByIds] <--- END HTTP (493-byte body)
09:57:32:771 DEBUG 38296 --- [http-nio-8085-exec-4] c.hmall.trade.mapper.OrderMapper.insert  : ==>  Preparing: INSERT INTO `order` ( id, total_fee, payment_type, user_id, status ) VALUES ( ?, ?, ?, ?, ? )
09:57:32:771 DEBUG 38296 --- [http-nio-8085-exec-4] c.hmall.trade.mapper.OrderMapper.insert  : ==> Parameters: 2078298092242837506(Long), 35400(Integer), 3(Integer), 1(Long), 1(Integer)
09:57:32:774 DEBUG 38296 --- [http-nio-8085-exec-4] c.hmall.trade.mapper.OrderMapper.insert  : <==    Updates: 1
09:57:32:774 DEBUG 38296 --- [http-nio-8085-exec-4] c.h.t.mapper.OrderDetailMapper.insert    : ==>  Preparing: INSERT INTO order_detail ( order_id, item_id, num, name, spec, price, image ) VALUES ( ?, ?, ?, ?, ?, ?, ? )
09:57:32:774 DEBUG 38296 --- [http-nio-8085-exec-4] c.h.t.mapper.OrderDetailMapper.insert    : ==> Parameters: 2078298092242837506(Long), 40305713537(Long), 1(Integer), 【官方正品 品牌直营】奥古狮登小白鞋女秋季透气2018新款百搭韩版休闲鞋运动鞋女鞋厚底板鞋女 浅蓝【厚底】 41(String), {"颜色": "金色", "尺码": "41"}(String), 35400(Integer), https://m.360buyimg.com/mobilecms/s720x720_jfs/t1/14147/34/2890/275451/5c225484Ebd346404/e61513be4639ee2e.jpg!q70.jpg.webp(String)
09:57:32:777 DEBUG 38296 --- [http-nio-8085-exec-4] com.hmall.api.client.CartClient          : [CartClient#deleteCartItemByIds] ---> DELETE http://cart-service/carts?ids=40305713537 HTTP/1.1
09:57:32:777 DEBUG 38296 --- [http-nio-8085-exec-4] com.hmall.api.client.CartClient          : [CartClient#deleteCartItemByIds] user-info: 1
09:57:32:777 DEBUG 38296 --- [http-nio-8085-exec-4] com.hmall.api.client.CartClient          : [CartClient#deleteCartItemByIds] ---> END HTTP (0-byte body)
09:57:32:789 DEBUG 38296 --- [http-nio-8085-exec-4] com.hmall.api.client.CartClient          : [CartClient#deleteCartItemByIds] <--- HTTP/1.1 200  (11ms)
09:57:32:789 DEBUG 38296 --- [http-nio-8085-exec-4] com.hmall.api.client.CartClient          : [CartClient#deleteCartItemByIds] connection: keep-alive
09:57:32:789 DEBUG 38296 --- [http-nio-8085-exec-4] com.hmall.api.client.CartClient          : [CartClient#deleteCartItemByIds] content-length: 0
09:57:32:789 DEBUG 38296 --- [http-nio-8085-exec-4] com.hmall.api.client.CartClient          : [CartClient#deleteCartItemByIds] date: Sat, 18 Jul 2026 01:57:32 GMT
09:57:32:789 DEBUG 38296 --- [http-nio-8085-exec-4] com.hmall.api.client.CartClient          : [CartClient#deleteCartItemByIds] keep-alive: timeout=60
09:57:32:789 DEBUG 38296 --- [http-nio-8085-exec-4] com.hmall.api.client.CartClient          : [CartClient#deleteCartItemByIds] <--- END HTTP (0-byte body)
09:57:32:790 DEBUG 38296 --- [http-nio-8085-exec-4] com.hmall.api.client.ItemClient          : [ItemClient#deductStock] ---> PUT http://item-service/items/stock/deduct HTTP/1.1
09:57:32:790 DEBUG 38296 --- [http-nio-8085-exec-4] com.hmall.api.client.ItemClient          : [ItemClient#deductStock] Content-Length: 34
09:57:32:790 DEBUG 38296 --- [http-nio-8085-exec-4] com.hmall.api.client.ItemClient          : [ItemClient#deductStock] Content-Type: application/json
09:57:32:790 DEBUG 38296 --- [http-nio-8085-exec-4] com.hmall.api.client.ItemClient          : [ItemClient#deductStock] user-info: 1
09:57:32:790 DEBUG 38296 --- [http-nio-8085-exec-4] com.hmall.api.client.ItemClient          : [ItemClient#deductStock] 
09:57:32:790 DEBUG 38296 --- [http-nio-8085-exec-4] com.hmall.api.client.ItemClient          : [ItemClient#deductStock] [{"itemId":"40305713537","num":1}]
09:57:32:790 DEBUG 38296 --- [http-nio-8085-exec-4] com.hmall.api.client.ItemClient          : [ItemClient#deductStock] ---> END HTTP (34-byte body)
09:57:32:794 DEBUG 38296 --- [http-nio-8085-exec-4] com.hmall.api.client.ItemClient          : [ItemClient#deductStock] <--- HTTP/1.1 200  (4ms)
09:57:32:794 DEBUG 38296 --- [http-nio-8085-exec-4] com.hmall.api.client.ItemClient          : [ItemClient#deductStock] connection: keep-alive
09:57:32:794 DEBUG 38296 --- [http-nio-8085-exec-4] com.hmall.api.client.ItemClient          : [ItemClient#deductStock] content-length: 0
09:57:32:794 DEBUG 38296 --- [http-nio-8085-exec-4] com.hmall.api.client.ItemClient          : [ItemClient#deductStock] date: Sat, 18 Jul 2026 01:57:32 GMT
09:57:32:794 DEBUG 38296 --- [http-nio-8085-exec-4] com.hmall.api.client.ItemClient          : [ItemClient#deductStock] keep-alive: timeout=60
09:57:32:794 DEBUG 38296 --- [http-nio-8085-exec-4] com.hmall.api.client.ItemClient          : [ItemClient#deductStock] <--- END HTTP (0-byte body)
09:57:32:847 DEBUG 38296 --- [http-nio-8085-exec-5] c.h.trade.mapper.OrderMapper.selectById  : ==>  Preparing: SELECT id,total_fee,payment_type,user_id,status,create_time,pay_time,consign_time,end_time,close_time,comment_time,update_time FROM `order` WHERE id=?
09:57:32:848 DEBUG 38296 --- [http-nio-8085-exec-5] c.h.trade.mapper.OrderMapper.selectById  : ==> Parameters: 2078298092242837506(Long)
09:57:32:851 DEBUG 38296 --- [http-nio-8085-exec-5] c.h.trade.mapper.OrderMapper.selectById  : <==      Total: 1
10:00:53:415 DEBUG 38296 --- [http-nio-8085-exec-8] c.h.trade.mapper.OrderMapper.selectById  : ==>  Preparing: SELECT id,total_fee,payment_type,user_id,status,create_time,pay_time,consign_time,end_time,close_time,comment_time,update_time FROM `order` WHERE id=?
10:00:53:416 DEBUG 38296 --- [http-nio-8085-exec-8] c.h.trade.mapper.OrderMapper.selectById  : ==> Parameters: 2078298092242837506(Long)
10:00:53:418 DEBUG 38296 --- [http-nio-8085-exec-8] c.h.trade.mapper.OrderMapper.selectById  : <==      Total: 1
10:01:14:363 DEBUG 38296 --- [http-nio-8085-exec-10] c.h.trade.mapper.OrderMapper.selectById  : ==>  Preparing: SELECT id,total_fee,payment_type,user_id,status,create_time,pay_time,consign_time,end_time,close_time,comment_time,update_time FROM `order` WHERE id=?
10:01:14:364 DEBUG 38296 --- [http-nio-8085-exec-10] c.h.trade.mapper.OrderMapper.selectById  : ==> Parameters: 2078298092242837506(Long)
10:01:14:365 DEBUG 38296 --- [http-nio-8085-exec-10] c.h.trade.mapper.OrderMapper.selectById  : <==      Total: 1
10:01:29:286 DEBUG 38296 --- [http-nio-8085-exec-1] com.hmall.api.client.ItemClient          : [ItemClient#queryItemByIds] ---> GET http://item-service/items?ids=8533120 HTTP/1.1
10:01:29:286 DEBUG 38296 --- [http-nio-8085-exec-1] com.hmall.api.client.ItemClient          : [ItemClient#queryItemByIds] user-info: 1
10:01:29:286 DEBUG 38296 --- [http-nio-8085-exec-1] com.hmall.api.client.ItemClient          : [ItemClient#queryItemByIds] ---> END HTTP (0-byte body)
10:01:29:293 DEBUG 38296 --- [http-nio-8085-exec-1] com.hmall.api.client.ItemClient          : [ItemClient#queryItemByIds] <--- HTTP/1.1 200  (7ms)
10:01:29:293 DEBUG 38296 --- [http-nio-8085-exec-1] com.hmall.api.client.ItemClient          : [ItemClient#queryItemByIds] connection: keep-alive
10:01:29:293 DEBUG 38296 --- [http-nio-8085-exec-1] com.hmall.api.client.ItemClient          : [ItemClient#queryItemByIds] content-type: application/json
10:01:29:293 DEBUG 38296 --- [http-nio-8085-exec-1] com.hmall.api.client.ItemClient          : [ItemClient#queryItemByIds] date: Sat, 18 Jul 2026 02:01:29 GMT
10:01:29:293 DEBUG 38296 --- [http-nio-8085-exec-1] com.hmall.api.client.ItemClient          : [ItemClient#queryItemByIds] keep-alive: timeout=60
10:01:29:293 DEBUG 38296 --- [http-nio-8085-exec-1] com.hmall.api.client.ItemClient          : [ItemClient#queryItemByIds] transfer-encoding: chunked
10:01:29:293 DEBUG 38296 --- [http-nio-8085-exec-1] com.hmall.api.client.ItemClient          : [ItemClient#queryItemByIds] 
10:01:29:294 DEBUG 38296 --- [http-nio-8085-exec-1] com.hmall.api.client.ItemClient          : [ItemClient#queryItemByIds] [{"id":"8533120","name":"海尔 （Haier ）LQ65H31 65英寸 4K曲面人工智能全面屏超高清LED液晶电视","price":379500,"stock":10000,"image":"https://m.360buyimg.com/mobilecms/s720x720_jfs/t1/2851/14/13998/101463/5bd9723cE81b2c299/1bfdf2d1628648e4.jpg!q70.jpg.webp","category":"曲面电视","brand":"海尔","spec":"{}","sold":0,"commentCount":0,"isAD":false,"status":1}]
10:01:29:294 DEBUG 38296 --- [http-nio-8085-exec-1] com.hmall.api.client.ItemClient          : [ItemClient#queryItemByIds] <--- END HTTP (384-byte body)
10:01:29:294 DEBUG 38296 --- [http-nio-8085-exec-1] c.hmall.trade.mapper.OrderMapper.insert  : ==>  Preparing: INSERT INTO `order` ( id, total_fee, payment_type, user_id, status ) VALUES ( ?, ?, ?, ?, ? )
10:01:29:295 DEBUG 38296 --- [http-nio-8085-exec-1] c.hmall.trade.mapper.OrderMapper.insert  : ==> Parameters: 2078299084342534146(Long), 379500(Integer), 3(Integer), 1(Long), 1(Integer)
10:01:29:297 DEBUG 38296 --- [http-nio-8085-exec-1] c.hmall.trade.mapper.OrderMapper.insert  : <==    Updates: 1
10:01:29:298 DEBUG 38296 --- [http-nio-8085-exec-1] c.h.t.mapper.OrderDetailMapper.insert    : ==>  Preparing: INSERT INTO order_detail ( order_id, item_id, num, name, spec, price, image ) VALUES ( ?, ?, ?, ?, ?, ?, ? )
10:01:29:298 DEBUG 38296 --- [http-nio-8085-exec-1] c.h.t.mapper.OrderDetailMapper.insert    : ==> Parameters: 2078299084342534146(Long), 8533120(Long), 1(Integer), 海尔 （Haier ）LQ65H31 65英寸 4K曲面人工智能全面屏超高清LED液晶电视(String), {}(String), 379500(Integer), https://m.360buyimg.com/mobilecms/s720x720_jfs/t1/2851/14/13998/101463/5bd9723cE81b2c299/1bfdf2d1628648e4.jpg!q70.jpg.webp(String)
10:01:29:300 DEBUG 38296 --- [http-nio-8085-exec-1] com.hmall.api.client.CartClient          : [CartClient#deleteCartItemByIds] ---> DELETE http://cart-service/carts?ids=8533120 HTTP/1.1
10:01:29:300 DEBUG 38296 --- [http-nio-8085-exec-1] com.hmall.api.client.CartClient          : [CartClient#deleteCartItemByIds] user-info: 1
10:01:29:300 DEBUG 38296 --- [http-nio-8085-exec-1] com.hmall.api.client.CartClient          : [CartClient#deleteCartItemByIds] ---> END HTTP (0-byte body)
10:01:29:311 DEBUG 38296 --- [http-nio-8085-exec-1] com.hmall.api.client.CartClient          : [CartClient#deleteCartItemByIds] <--- HTTP/1.1 200  (10ms)
10:01:29:311 DEBUG 38296 --- [http-nio-8085-exec-1] com.hmall.api.client.CartClient          : [CartClient#deleteCartItemByIds] connection: keep-alive
10:01:29:311 DEBUG 38296 --- [http-nio-8085-exec-1] com.hmall.api.client.CartClient          : [CartClient#deleteCartItemByIds] content-length: 0
10:01:29:311 DEBUG 38296 --- [http-nio-8085-exec-1] com.hmall.api.client.CartClient          : [CartClient#deleteCartItemByIds] date: Sat, 18 Jul 2026 02:01:29 GMT
10:01:29:311 DEBUG 38296 --- [http-nio-8085-exec-1] com.hmall.api.client.CartClient          : [CartClient#deleteCartItemByIds] keep-alive: timeout=60
10:01:29:311 DEBUG 38296 --- [http-nio-8085-exec-1] com.hmall.api.client.CartClient          : [CartClient#deleteCartItemByIds] <--- END HTTP (0-byte body)
10:01:29:312 DEBUG 38296 --- [http-nio-8085-exec-1] com.hmall.api.client.ItemClient          : [ItemClient#deductStock] ---> PUT http://item-service/items/stock/deduct HTTP/1.1
10:01:29:312 DEBUG 38296 --- [http-nio-8085-exec-1] com.hmall.api.client.ItemClient          : [ItemClient#deductStock] Content-Length: 30
10:01:29:312 DEBUG 38296 --- [http-nio-8085-exec-1] com.hmall.api.client.ItemClient          : [ItemClient#deductStock] Content-Type: application/json
10:01:29:312 DEBUG 38296 --- [http-nio-8085-exec-1] com.hmall.api.client.ItemClient          : [ItemClient#deductStock] user-info: 1
10:01:29:312 DEBUG 38296 --- [http-nio-8085-exec-1] com.hmall.api.client.ItemClient          : [ItemClient#deductStock] 
10:01:29:312 DEBUG 38296 --- [http-nio-8085-exec-1] com.hmall.api.client.ItemClient          : [ItemClient#deductStock] [{"itemId":"8533120","num":1}]
10:01:29:312 DEBUG 38296 --- [http-nio-8085-exec-1] com.hmall.api.client.ItemClient          : [ItemClient#deductStock] ---> END HTTP (30-byte body)
10:01:29:315 DEBUG 38296 --- [http-nio-8085-exec-1] com.hmall.api.client.ItemClient          : [ItemClient#deductStock] <--- HTTP/1.1 200  (3ms)
10:01:29:316 DEBUG 38296 --- [http-nio-8085-exec-1] com.hmall.api.client.ItemClient          : [ItemClient#deductStock] connection: keep-alive
10:01:29:316 DEBUG 38296 --- [http-nio-8085-exec-1] com.hmall.api.client.ItemClient          : [ItemClient#deductStock] content-length: 0
10:01:29:316 DEBUG 38296 --- [http-nio-8085-exec-1] com.hmall.api.client.ItemClient          : [ItemClient#deductStock] date: Sat, 18 Jul 2026 02:01:29 GMT
10:01:29:316 DEBUG 38296 --- [http-nio-8085-exec-1] com.hmall.api.client.ItemClient          : [ItemClient#deductStock] keep-alive: timeout=60
10:01:29:316 DEBUG 38296 --- [http-nio-8085-exec-1] com.hmall.api.client.ItemClient          : [ItemClient#deductStock] <--- END HTTP (0-byte body)
10:01:29:356 DEBUG 38296 --- [http-nio-8085-exec-2] c.h.trade.mapper.OrderMapper.selectById  : ==>  Preparing: SELECT id,total_fee,payment_type,user_id,status,create_time,pay_time,consign_time,end_time,close_time,comment_time,update_time FROM `order` WHERE id=?
10:01:29:357 DEBUG 38296 --- [http-nio-8085-exec-2] c.h.trade.mapper.OrderMapper.selectById  : ==> Parameters: 2078299084342534146(Long)
10:01:29:363 DEBUG 38296 --- [http-nio-8085-exec-2] c.h.trade.mapper.OrderMapper.selectById  : <==      Total: 1
10:03:59:132  WARN 38296 --- [Thread-7] c.a.n.common.http.HttpClientBeanHolder   : [HttpClientBeanHolder] Start destroying common HttpClient
10:03:59:132  WARN 38296 --- [Thread-4] c.a.nacos.common.notify.NotifyCenter     : [NotifyCenter] Start destroying Publisher
10:03:59:132  WARN 38296 --- [Thread-4] c.a.nacos.common.notify.NotifyCenter     : [NotifyCenter] Destruction of the end
10:03:59:132  WARN 38296 --- [Thread-7] c.a.n.common.http.HttpClientBeanHolder   : [HttpClientBeanHolder] Destruction of the end
10:03:59:528  INFO 38296 --- [SpringApplicationShutdownHook] c.a.c.n.registry.NacosServiceRegistry    : De-registering from Nacos Server now...
10:03:59:534  INFO 38296 --- [SpringApplicationShutdownHook] c.a.c.n.registry.NacosServiceRegistry    : De-registration finished.
10:03:59:866  INFO 38296 --- [SpringApplicationShutdownHook] com.alibaba.nacos.common.remote.client   : Shutdown rpc client, set status to shutdown
10:03:59:866  INFO 38296 --- [SpringApplicationShutdownHook] com.alibaba.nacos.common.remote.client   : Shutdown client event executor java.util.concurrent.ScheduledThreadPoolExecutor@403fa497[Running, pool size = 2, active threads = 2, queued tasks = 0, completed tasks = 0]
10:03:59:866  INFO 38296 --- [SpringApplicationShutdownHook] com.alibaba.nacos.common.remote.client   : Close current connection 1784339245933_172.18.0.1_34038
10:03:59:870  INFO 38296 --- [nacos-grpc-client-executor-237] c.a.n.c.remote.client.grpc.GrpcClient    : [1784339245933_172.18.0.1_34038]Ignore complete event,isRunning:false,isAbandon=false
10:03:59:876  INFO 38296 --- [SpringApplicationShutdownHook] c.a.n.c.remote.client.grpc.GrpcClient    : Shutdown grpc executor java.util.concurrent.ThreadPoolExecutor@7165d316[Running, pool size = 5, active threads = 0, queued tasks = 0, completed tasks = 238]
10:03:59:898  INFO 38296 --- [SpringApplicationShutdownHook] com.zaxxer.hikari.HikariDataSource       : HikariPool-1 - Shutdown initiated...
10:03:59:921  INFO 38296 --- [SpringApplicationShutdownHook] com.zaxxer.hikari.HikariDataSource       : HikariPool-1 - Shutdown completed.
10:07:24:127  INFO 6960 --- [main] com.hmall.trade.TradeApplication         : Starting TradeApplication using Java 11.0.31 on mugen with PID 6960 (D:\AAA_Web\IdeaProjects\hmall\trade-service\target\classes started by mugen in D:\AAA_Web\IdeaProjects\hmall)
10:07:24:128 DEBUG 6960 --- [main] com.hmall.trade.TradeApplication         : Running with Spring Boot v2.7.12, Spring v5.3.27
10:07:24:128  INFO 6960 --- [main] com.hmall.trade.TradeApplication         : The following 1 profile is active: "dev"
10:07:24:752  INFO 6960 --- [main] o.s.cloud.context.scope.GenericScope     : BeanFactory id=e982058c-39c1-339c-96a7-fc383989a981
10:07:24:946  INFO 6960 --- [main] o.s.b.w.embedded.tomcat.TomcatWebServer  : Tomcat initialized with port(s): 8085 (http)
10:07:24:951  INFO 6960 --- [main] o.apache.catalina.core.StandardService   : Starting service [Tomcat]
10:07:24:951  INFO 6960 --- [main] org.apache.catalina.core.StandardEngine  : Starting Servlet engine: [Apache Tomcat/9.0.75]
10:07:25:048  INFO 6960 --- [main] o.a.c.c.C.[Tomcat].[localhost].[/]       : Initializing Spring embedded WebApplicationContext
10:07:25:048  INFO 6960 --- [main] w.s.c.ServletWebServerApplicationContext : Root WebApplicationContext: initialization completed in 885 ms
10:07:25:155  INFO 6960 --- [main] o.s.c.openfeign.FeignClientFactoryBean   : For 'item-service' URL not provided. Will try picking an instance via load-balancing.
10:07:26:226  INFO 6960 --- [main] o.s.c.openfeign.FeignClientFactoryBean   : For 'cart-service' URL not provided. Will try picking an instance via load-balancing.
10:07:26:774  INFO 6960 --- [main] pertySourcedRequestMappingHandlerMapping : Mapped URL path [/v2/api-docs] onto method [springfox.documentation.swagger2.web.Swagger2ControllerWebMvc#getDocumentation(String, HttpServletRequest)]
10:07:27:196  INFO 6960 --- [main] com.alibaba.nacos.common.remote.client   : [RpcClientFactory] create a new rpc client of c43e6f29-28c7-4c6c-b47a-c5d976510f1f
10:07:27:214  INFO 6960 --- [main] org.reflections.Reflections              : Reflections took 11 ms to scan 1 urls, producing 3 keys and 6 values 
10:07:27:227  INFO 6960 --- [main] org.reflections.Reflections              : Reflections took 5 ms to scan 1 urls, producing 4 keys and 9 values 
10:07:27:233  INFO 6960 --- [main] org.reflections.Reflections              : Reflections took 4 ms to scan 1 urls, producing 3 keys and 10 values 
10:07:27:234  WARN 6960 --- [main] org.reflections.Reflections              : given scan urls are empty. set urls in the configuration
10:07:27:240  INFO 6960 --- [main] org.reflections.Reflections              : Reflections took 6 ms to scan 1 urls, producing 1 keys and 5 values 
10:07:27:245  INFO 6960 --- [main] org.reflections.Reflections              : Reflections took 4 ms to scan 1 urls, producing 1 keys and 7 values 
10:07:27:249  INFO 6960 --- [main] org.reflections.Reflections              : Reflections took 3 ms to scan 1 urls, producing 2 keys and 8 values 
10:07:27:251  WARN 6960 --- [main] org.reflections.Reflections              : given scan urls are empty. set urls in the configuration
10:07:27:252  INFO 6960 --- [main] com.alibaba.nacos.common.remote.client   : [c43e6f29-28c7-4c6c-b47a-c5d976510f1f] RpcClient init label, labels = {module=naming, source=sdk}
10:07:27:253  INFO 6960 --- [main] com.alibaba.nacos.common.remote.client   : [c43e6f29-28c7-4c6c-b47a-c5d976510f1f] RpcClient init, ServerListFactory = com.alibaba.nacos.client.naming.core.ServerListManager
10:07:27:253  INFO 6960 --- [main] com.alibaba.nacos.common.remote.client   : [c43e6f29-28c7-4c6c-b47a-c5d976510f1f] Registry connection listener to current client:com.alibaba.nacos.client.naming.remote.gprc.redo.NamingGrpcRedoService
10:07:27:253  INFO 6960 --- [main] com.alibaba.nacos.common.remote.client   : [c43e6f29-28c7-4c6c-b47a-c5d976510f1f] Register server push request handler:com.alibaba.nacos.client.naming.remote.gprc.NamingPushRequestHandler
10:07:27:254  INFO 6960 --- [main] com.alibaba.nacos.common.remote.client   : [c43e6f29-28c7-4c6c-b47a-c5d976510f1f] Try to connect to server on start up, server: {serverIp = 'localhost', server main port = 8848}
10:07:28:268  INFO 6960 --- [main] com.alibaba.nacos.common.remote.client   : [c43e6f29-28c7-4c6c-b47a-c5d976510f1f] Success to connect to server [localhost:8848] on start up, connectionId = 1784340448110_172.18.0.1_56456
10:07:28:268  INFO 6960 --- [com.alibaba.nacos.client.remote.worker] com.alibaba.nacos.common.remote.client   : [c43e6f29-28c7-4c6c-b47a-c5d976510f1f] Notify connected event to listeners.
10:07:28:269  INFO 6960 --- [main] com.alibaba.nacos.common.remote.client   : [c43e6f29-28c7-4c6c-b47a-c5d976510f1f] Register server push request handler:com.alibaba.nacos.common.remote.client.RpcClient$ConnectResetRequestHandler
10:07:28:270  INFO 6960 --- [main] com.alibaba.nacos.common.remote.client   : [c43e6f29-28c7-4c6c-b47a-c5d976510f1f] Register server push request handler:com.alibaba.nacos.common.remote.client.RpcClient$$Lambda$995/0x0000000840675440
10:07:28:311  INFO 6960 --- [main] o.s.b.w.embedded.tomcat.TomcatWebServer  : Tomcat started on port(s): 8085 (http) with context path ''
10:07:28:318  INFO 6960 --- [main] c.a.c.n.registry.NacosServiceRegistry    : nacos registry, DEFAULT_GROUP trade-service 192.168.138.1:8085 register finished
10:07:28:572  INFO 6960 --- [main] d.s.w.p.DocumentationPluginsBootstrapper : Documentation plugins bootstrapped
10:07:28:575  INFO 6960 --- [main] d.s.w.p.DocumentationPluginsBootstrapper : Found 1 custom documentation plugin(s)
10:07:28:584  INFO 6960 --- [main] s.d.s.w.s.ApiListingReferenceScanner     : Scanning for api listing references
10:07:28:631  INFO 6960 --- [main] com.hmall.trade.TradeApplication         : Started TradeApplication in 5.328 seconds (JVM running for 6.121)
10:07:28:789  INFO 6960 --- [nacos-grpc-client-executor-9] com.alibaba.nacos.common.remote.client   : [c43e6f29-28c7-4c6c-b47a-c5d976510f1f] Receive server push request, request = NotifySubscriberRequest, requestId = 50
10:07:28:811  INFO 6960 --- [nacos-grpc-client-executor-9] com.alibaba.nacos.common.remote.client   : [c43e6f29-28c7-4c6c-b47a-c5d976510f1f] Ack server push request, request = NotifySubscriberRequest, requestId = 50
10:07:50:180  INFO 6960 --- [http-nio-8085-exec-1] o.a.c.c.C.[Tomcat].[localhost].[/]       : Initializing Spring DispatcherServlet 'dispatcherServlet'
10:07:50:180  INFO 6960 --- [http-nio-8085-exec-1] o.s.web.servlet.DispatcherServlet        : Initializing Servlet 'dispatcherServlet'
10:07:50:181  INFO 6960 --- [http-nio-8085-exec-1] o.s.web.servlet.DispatcherServlet        : Completed initialization in 1 ms
10:07:50:220  INFO 6960 --- [http-nio-8085-exec-1] com.zaxxer.hikari.HikariDataSource       : HikariPool-1 - Starting...
10:07:50:339  INFO 6960 --- [http-nio-8085-exec-1] com.zaxxer.hikari.HikariDataSource       : HikariPool-1 - Start completed.
10:07:50:349 DEBUG 6960 --- [http-nio-8085-exec-1] com.hmall.api.client.ItemClient          : [ItemClient#queryItemByIds] ---> GET http://item-service/items?ids=100001905417 HTTP/1.1
10:07:50:349 DEBUG 6960 --- [http-nio-8085-exec-1] com.hmall.api.client.ItemClient          : [ItemClient#queryItemByIds] user-info: 1
10:07:50:349 DEBUG 6960 --- [http-nio-8085-exec-1] com.hmall.api.client.ItemClient          : [ItemClient#queryItemByIds] ---> END HTTP (0-byte body)
10:07:50:460 DEBUG 6960 --- [http-nio-8085-exec-1] com.hmall.api.client.ItemClient          : [ItemClient#queryItemByIds] <--- HTTP/1.1 200  (111ms)
10:07:50:460 DEBUG 6960 --- [http-nio-8085-exec-1] com.hmall.api.client.ItemClient          : [ItemClient#queryItemByIds] connection: keep-alive
10:07:50:460 DEBUG 6960 --- [http-nio-8085-exec-1] com.hmall.api.client.ItemClient          : [ItemClient#queryItemByIds] content-type: application/json
10:07:50:460 DEBUG 6960 --- [http-nio-8085-exec-1] com.hmall.api.client.ItemClient          : [ItemClient#queryItemByIds] date: Sat, 18 Jul 2026 02:07:50 GMT
10:07:50:461 DEBUG 6960 --- [http-nio-8085-exec-1] com.hmall.api.client.ItemClient          : [ItemClient#queryItemByIds] keep-alive: timeout=60
10:07:50:461 DEBUG 6960 --- [http-nio-8085-exec-1] com.hmall.api.client.ItemClient          : [ItemClient#queryItemByIds] transfer-encoding: chunked
10:07:50:461 DEBUG 6960 --- [http-nio-8085-exec-1] com.hmall.api.client.ItemClient          : [ItemClient#queryItemByIds] 
10:07:50:461 DEBUG 6960 --- [http-nio-8085-exec-1] com.hmall.api.client.ItemClient          : [ItemClient#queryItemByIds] [{"id":"100001905417","name":"【千玺代言】华为新品 HUAWEI nova 4 极点全面屏手机 2000万超广角三摄 8GB+128GB 蜜语红 全网通双卡双待","price":224900,"stock":10000,"image":"https://m.360buyimg.com/mobilecms/s720x720_jfs/t1/20085/14/1076/149604/5c0f8dd2Ebafd3bfd/0cb34a7826cbe1c3.jpg!q70.jpg.webp","category":"手机","brand":"华为","spec":"{\"颜色\": \"红色\"}","sold":0,"commentCount":0,"isAD":false,"status":1}]
10:07:50:461 DEBUG 6960 --- [http-nio-8085-exec-1] com.hmall.api.client.ItemClient          : [ItemClient#queryItemByIds] <--- END HTTP (447-byte body)
10:07:50:487 DEBUG 6960 --- [http-nio-8085-exec-1] c.hmall.trade.mapper.OrderMapper.insert  : ==>  Preparing: INSERT INTO `order` ( id, total_fee, payment_type, user_id, status ) VALUES ( ?, ?, ?, ?, ? )
10:07:50:500 DEBUG 6960 --- [http-nio-8085-exec-1] c.hmall.trade.mapper.OrderMapper.insert  : ==> Parameters: 2078300683160834049(Long), 224900(Integer), 3(Integer), 1(Long), 1(Integer)
10:07:50:504 DEBUG 6960 --- [http-nio-8085-exec-1] c.hmall.trade.mapper.OrderMapper.insert  : <==    Updates: 1
10:07:50:509 DEBUG 6960 --- [http-nio-8085-exec-1] c.h.t.mapper.OrderDetailMapper.insert    : ==>  Preparing: INSERT INTO order_detail ( order_id, item_id, num, name, spec, price, image ) VALUES ( ?, ?, ?, ?, ?, ?, ? )
10:07:50:511 DEBUG 6960 --- [http-nio-8085-exec-1] c.h.t.mapper.OrderDetailMapper.insert    : ==> Parameters: 2078300683160834049(Long), 100001905417(Long), 1(Integer), 【千玺代言】华为新品 HUAWEI nova 4 极点全面屏手机 2000万超广角三摄 8GB+128GB 蜜语红 全网通双卡双待(String), {"颜色": "红色"}(String), 224900(Integer), https://m.360buyimg.com/mobilecms/s720x720_jfs/t1/20085/14/1076/149604/5c0f8dd2Ebafd3bfd/0cb34a7826cbe1c3.jpg!q70.jpg.webp(String)
10:07:50:519 DEBUG 6960 --- [http-nio-8085-exec-1] com.hmall.api.client.CartClient          : [CartClient#deleteCartItemByIds] ---> DELETE http://cart-service/carts?ids=100001905417 HTTP/1.1
10:07:50:519 DEBUG 6960 --- [http-nio-8085-exec-1] com.hmall.api.client.CartClient          : [CartClient#deleteCartItemByIds] user-info: 1
10:07:50:519 DEBUG 6960 --- [http-nio-8085-exec-1] com.hmall.api.client.CartClient          : [CartClient#deleteCartItemByIds] ---> END HTTP (0-byte body)
10:07:50:557 DEBUG 6960 --- [http-nio-8085-exec-1] com.hmall.api.client.CartClient          : [CartClient#deleteCartItemByIds] <--- HTTP/1.1 200  (37ms)
10:07:50:557 DEBUG 6960 --- [http-nio-8085-exec-1] com.hmall.api.client.CartClient          : [CartClient#deleteCartItemByIds] connection: keep-alive
10:07:50:557 DEBUG 6960 --- [http-nio-8085-exec-1] com.hmall.api.client.CartClient          : [CartClient#deleteCartItemByIds] content-length: 0
10:07:50:558 DEBUG 6960 --- [http-nio-8085-exec-1] com.hmall.api.client.CartClient          : [CartClient#deleteCartItemByIds] date: Sat, 18 Jul 2026 02:07:50 GMT
10:07:50:558 DEBUG 6960 --- [http-nio-8085-exec-1] com.hmall.api.client.CartClient          : [CartClient#deleteCartItemByIds] keep-alive: timeout=60
10:07:50:558 DEBUG 6960 --- [http-nio-8085-exec-1] com.hmall.api.client.CartClient          : [CartClient#deleteCartItemByIds] <--- END HTTP (0-byte body)
10:07:50:564 DEBUG 6960 --- [http-nio-8085-exec-1] com.hmall.api.client.ItemClient          : [ItemClient#deductStock] ---> PUT http://item-service/items/stock/deduct HTTP/1.1
10:07:50:565 DEBUG 6960 --- [http-nio-8085-exec-1] com.hmall.api.client.ItemClient          : [ItemClient#deductStock] Content-Length: 35
10:07:50:565 DEBUG 6960 --- [http-nio-8085-exec-1] com.hmall.api.client.ItemClient          : [ItemClient#deductStock] Content-Type: application/json
10:07:50:565 DEBUG 6960 --- [http-nio-8085-exec-1] com.hmall.api.client.ItemClient          : [ItemClient#deductStock] user-info: 1
10:07:50:565 DEBUG 6960 --- [http-nio-8085-exec-1] com.hmall.api.client.ItemClient          : [ItemClient#deductStock] 
10:07:50:565 DEBUG 6960 --- [http-nio-8085-exec-1] com.hmall.api.client.ItemClient          : [ItemClient#deductStock] [{"itemId":"100001905417","num":1}]
10:07:50:565 DEBUG 6960 --- [http-nio-8085-exec-1] com.hmall.api.client.ItemClient          : [ItemClient#deductStock] ---> END HTTP (35-byte body)
10:07:50:584 DEBUG 6960 --- [http-nio-8085-exec-1] com.hmall.api.client.ItemClient          : [ItemClient#deductStock] <--- HTTP/1.1 200  (19ms)
10:07:50:584 DEBUG 6960 --- [http-nio-8085-exec-1] com.hmall.api.client.ItemClient          : [ItemClient#deductStock] connection: keep-alive
10:07:50:584 DEBUG 6960 --- [http-nio-8085-exec-1] com.hmall.api.client.ItemClient          : [ItemClient#deductStock] content-length: 0
10:07:50:584 DEBUG 6960 --- [http-nio-8085-exec-1] com.hmall.api.client.ItemClient          : [ItemClient#deductStock] date: Sat, 18 Jul 2026 02:07:50 GMT
10:07:50:584 DEBUG 6960 --- [http-nio-8085-exec-1] com.hmall.api.client.ItemClient          : [ItemClient#deductStock] keep-alive: timeout=60
10:07:50:584 DEBUG 6960 --- [http-nio-8085-exec-1] com.hmall.api.client.ItemClient          : [ItemClient#deductStock] <--- END HTTP (0-byte body)
10:07:50:637 DEBUG 6960 --- [http-nio-8085-exec-3] c.h.trade.mapper.OrderMapper.selectById  : ==>  Preparing: SELECT id,total_fee,payment_type,user_id,status,create_time,pay_time,consign_time,end_time,close_time,comment_time,update_time FROM `order` WHERE id=?
10:07:50:638 DEBUG 6960 --- [http-nio-8085-exec-3] c.h.trade.mapper.OrderMapper.selectById  : ==> Parameters: 2078300683160834049(Long)
10:07:50:647 DEBUG 6960 --- [http-nio-8085-exec-3] c.h.trade.mapper.OrderMapper.selectById  : <==      Total: 1
10:07:50:932  INFO 6960 --- [nacos-grpc-client-executor-16] com.alibaba.nacos.common.remote.client   : [c43e6f29-28c7-4c6c-b47a-c5d976510f1f] Receive server push request, request = NotifySubscriberRequest, requestId = 58
10:07:50:932  INFO 6960 --- [nacos-grpc-client-executor-16] com.alibaba.nacos.common.remote.client   : [c43e6f29-28c7-4c6c-b47a-c5d976510f1f] Ack server push request, request = NotifySubscriberRequest, requestId = 58
10:07:51:130  INFO 6960 --- [nacos-grpc-client-executor-17] com.alibaba.nacos.common.remote.client   : [c43e6f29-28c7-4c6c-b47a-c5d976510f1f] Receive server push request, request = NotifySubscriberRequest, requestId = 59
10:07:51:130  INFO 6960 --- [nacos-grpc-client-executor-17] com.alibaba.nacos.common.remote.client   : [c43e6f29-28c7-4c6c-b47a-c5d976510f1f] Ack server push request, request = NotifySubscriberRequest, requestId = 59
10:22:26:039  WARN 6960 --- [Thread-7] c.a.n.common.http.HttpClientBeanHolder   : [HttpClientBeanHolder] Start destroying common HttpClient
10:22:26:039  WARN 6960 --- [Thread-4] c.a.nacos.common.notify.NotifyCenter     : [NotifyCenter] Start destroying Publisher
10:22:26:039  WARN 6960 --- [Thread-4] c.a.nacos.common.notify.NotifyCenter     : [NotifyCenter] Destruction of the end
10:22:26:041  WARN 6960 --- [Thread-7] c.a.n.common.http.HttpClientBeanHolder   : [HttpClientBeanHolder] Destruction of the end
10:22:26:386  INFO 6960 --- [SpringApplicationShutdownHook] c.a.c.n.registry.NacosServiceRegistry    : De-registering from Nacos Server now...
10:22:26:394  INFO 6960 --- [SpringApplicationShutdownHook] c.a.c.n.registry.NacosServiceRegistry    : De-registration finished.
10:22:26:730  INFO 6960 --- [SpringApplicationShutdownHook] com.alibaba.nacos.common.remote.client   : Shutdown rpc client, set status to shutdown
10:22:26:730  INFO 6960 --- [SpringApplicationShutdownHook] com.alibaba.nacos.common.remote.client   : Shutdown client event executor java.util.concurrent.ScheduledThreadPoolExecutor@16d37e4f[Running, pool size = 2, active threads = 2, queued tasks = 0, completed tasks = 0]
10:22:26:731  INFO 6960 --- [SpringApplicationShutdownHook] com.alibaba.nacos.common.remote.client   : Close current connection 1784340448110_172.18.0.1_56456
10:22:26:734  INFO 6960 --- [SpringApplicationShutdownHook] c.a.n.c.remote.client.grpc.GrpcClient    : Shutdown grpc executor java.util.concurrent.ThreadPoolExecutor@679ab5bb[Running, pool size = 4, active threads = 0, queued tasks = 0, completed tasks = 219]
10:22:26:737  INFO 6960 --- [SpringApplicationShutdownHook] com.zaxxer.hikari.HikariDataSource       : HikariPool-1 - Shutdown initiated...
10:22:26:776  INFO 6960 --- [SpringApplicationShutdownHook] com.zaxxer.hikari.HikariDataSource       : HikariPool-1 - Shutdown completed.
10:22:54:631  INFO 10644 --- [main] com.hmall.trade.TradeApplication         : Starting TradeApplication using Java 11.0.31 on mugen with PID 10644 (D:\AAA_Web\IdeaProjects\hmall\trade-service\target\classes started by mugen in D:\AAA_Web\IdeaProjects\hmall)
10:22:54:633 DEBUG 10644 --- [main] com.hmall.trade.TradeApplication         : Running with Spring Boot v2.7.12, Spring v5.3.27
10:22:54:633  INFO 10644 --- [main] com.hmall.trade.TradeApplication         : The following 1 profile is active: "dev"
10:22:55:319  INFO 10644 --- [main] o.s.cloud.context.scope.GenericScope     : BeanFactory id=e982058c-39c1-339c-96a7-fc383989a981
10:22:55:526  INFO 10644 --- [main] o.s.b.w.embedded.tomcat.TomcatWebServer  : Tomcat initialized with port(s): 8085 (http)
10:22:55:532  INFO 10644 --- [main] o.apache.catalina.core.StandardService   : Starting service [Tomcat]
10:22:55:532  INFO 10644 --- [main] org.apache.catalina.core.StandardEngine  : Starting Servlet engine: [Apache Tomcat/9.0.75]
10:22:55:628  INFO 10644 --- [main] o.a.c.c.C.[Tomcat].[localhost].[/]       : Initializing Spring embedded WebApplicationContext
10:22:55:628  INFO 10644 --- [main] w.s.c.ServletWebServerApplicationContext : Root WebApplicationContext: initialization completed in 946 ms
10:22:55:760  INFO 10644 --- [main] o.s.c.openfeign.FeignClientFactoryBean   : For 'item-service' URL not provided. Will try picking an instance via load-balancing.
10:22:56:851  INFO 10644 --- [main] o.s.c.openfeign.FeignClientFactoryBean   : For 'cart-service' URL not provided. Will try picking an instance via load-balancing.
10:22:57:487  INFO 10644 --- [main] pertySourcedRequestMappingHandlerMapping : Mapped URL path [/v2/api-docs] onto method [springfox.documentation.swagger2.web.Swagger2ControllerWebMvc#getDocumentation(String, HttpServletRequest)]
10:22:57:982  INFO 10644 --- [main] com.alibaba.nacos.common.remote.client   : [RpcClientFactory] create a new rpc client of 1844a210-86c7-42a0-8470-757d8c81772b
10:22:58:012  INFO 10644 --- [main] org.reflections.Reflections              : Reflections took 17 ms to scan 1 urls, producing 3 keys and 6 values 
10:22:58:030  INFO 10644 --- [main] org.reflections.Reflections              : Reflections took 8 ms to scan 1 urls, producing 4 keys and 9 values 
10:22:58:039  INFO 10644 --- [main] org.reflections.Reflections              : Reflections took 7 ms to scan 1 urls, producing 3 keys and 10 values 
10:22:58:043  WARN 10644 --- [main] org.reflections.Reflections              : given scan urls are empty. set urls in the configuration
10:22:58:049  INFO 10644 --- [main] org.reflections.Reflections              : Reflections took 6 ms to scan 1 urls, producing 1 keys and 5 values 
10:22:58:059  INFO 10644 --- [main] org.reflections.Reflections              : Reflections took 8 ms to scan 1 urls, producing 1 keys and 7 values 
10:22:58:066  INFO 10644 --- [main] org.reflections.Reflections              : Reflections took 5 ms to scan 1 urls, producing 2 keys and 8 values 
10:22:58:067  WARN 10644 --- [main] org.reflections.Reflections              : given scan urls are empty. set urls in the configuration
10:22:58:068  INFO 10644 --- [main] com.alibaba.nacos.common.remote.client   : [1844a210-86c7-42a0-8470-757d8c81772b] RpcClient init label, labels = {module=naming, source=sdk}
10:22:58:069  INFO 10644 --- [main] com.alibaba.nacos.common.remote.client   : [1844a210-86c7-42a0-8470-757d8c81772b] RpcClient init, ServerListFactory = com.alibaba.nacos.client.naming.core.ServerListManager
10:22:58:070  INFO 10644 --- [main] com.alibaba.nacos.common.remote.client   : [1844a210-86c7-42a0-8470-757d8c81772b] Registry connection listener to current client:com.alibaba.nacos.client.naming.remote.gprc.redo.NamingGrpcRedoService
10:22:58:070  INFO 10644 --- [main] com.alibaba.nacos.common.remote.client   : [1844a210-86c7-42a0-8470-757d8c81772b] Register server push request handler:com.alibaba.nacos.client.naming.remote.gprc.NamingPushRequestHandler
10:22:58:072  INFO 10644 --- [main] com.alibaba.nacos.common.remote.client   : [1844a210-86c7-42a0-8470-757d8c81772b] Try to connect to server on start up, server: {serverIp = 'localhost', server main port = 8848}
10:22:59:383  INFO 10644 --- [main] com.alibaba.nacos.common.remote.client   : [1844a210-86c7-42a0-8470-757d8c81772b] Success to connect to server [localhost:8848] on start up, connectionId = 1784341379208_172.18.0.1_56702
10:22:59:384  INFO 10644 --- [com.alibaba.nacos.client.remote.worker] com.alibaba.nacos.common.remote.client   : [1844a210-86c7-42a0-8470-757d8c81772b] Notify connected event to listeners.
10:22:59:385  INFO 10644 --- [main] com.alibaba.nacos.common.remote.client   : [1844a210-86c7-42a0-8470-757d8c81772b] Register server push request handler:com.alibaba.nacos.common.remote.client.RpcClient$ConnectResetRequestHandler
10:22:59:386  INFO 10644 --- [main] com.alibaba.nacos.common.remote.client   : [1844a210-86c7-42a0-8470-757d8c81772b] Register server push request handler:com.alibaba.nacos.common.remote.client.RpcClient$$Lambda$995/0x0000000840675440
10:22:59:463  INFO 10644 --- [main] o.s.b.w.embedded.tomcat.TomcatWebServer  : Tomcat started on port(s): 8085 (http) with context path ''
10:22:59:487  INFO 10644 --- [main] c.a.c.n.registry.NacosServiceRegistry    : nacos registry, DEFAULT_GROUP trade-service 192.168.138.1:8085 register finished
10:22:59:900  INFO 10644 --- [main] d.s.w.p.DocumentationPluginsBootstrapper : Documentation plugins bootstrapped
10:22:59:904  INFO 10644 --- [main] d.s.w.p.DocumentationPluginsBootstrapper : Found 1 custom documentation plugin(s)
10:22:59:929  INFO 10644 --- [main] s.d.s.w.s.ApiListingReferenceScanner     : Scanning for api listing references
10:22:59:968  INFO 10644 --- [nacos-grpc-client-executor-9] com.alibaba.nacos.common.remote.client   : [1844a210-86c7-42a0-8470-757d8c81772b] Receive server push request, request = NotifySubscriberRequest, requestId = 72
10:22:59:992  INFO 10644 --- [nacos-grpc-client-executor-9] com.alibaba.nacos.common.remote.client   : [1844a210-86c7-42a0-8470-757d8c81772b] Ack server push request, request = NotifySubscriberRequest, requestId = 72
10:23:00:001  INFO 10644 --- [main] com.hmall.trade.TradeApplication         : Started TradeApplication in 6.223 seconds (JVM running for 7.013)
10:25:51:583  INFO 10644 --- [http-nio-8085-exec-1] o.a.c.c.C.[Tomcat].[localhost].[/]       : Initializing Spring DispatcherServlet 'dispatcherServlet'
10:25:51:583  INFO 10644 --- [http-nio-8085-exec-1] o.s.web.servlet.DispatcherServlet        : Initializing Servlet 'dispatcherServlet'
10:25:51:584  INFO 10644 --- [http-nio-8085-exec-1] o.s.web.servlet.DispatcherServlet        : Completed initialization in 0 ms
10:25:51:626  INFO 10644 --- [http-nio-8085-exec-1] com.zaxxer.hikari.HikariDataSource       : HikariPool-1 - Starting...
10:25:51:739  INFO 10644 --- [http-nio-8085-exec-1] com.zaxxer.hikari.HikariDataSource       : HikariPool-1 - Start completed.
10:25:51:749 DEBUG 10644 --- [http-nio-8085-exec-1] com.hmall.api.client.ItemClient          : [ItemClient#queryItemByIds] ---> GET http://item-service/items?ids=100001905417 HTTP/1.1
10:25:51:749 DEBUG 10644 --- [http-nio-8085-exec-1] com.hmall.api.client.ItemClient          : [ItemClient#queryItemByIds] user-info: 1
10:25:51:749 DEBUG 10644 --- [http-nio-8085-exec-1] com.hmall.api.client.ItemClient          : [ItemClient#queryItemByIds] ---> END HTTP (0-byte body)
10:25:51:862 DEBUG 10644 --- [http-nio-8085-exec-1] com.hmall.api.client.ItemClient          : [ItemClient#queryItemByIds] <--- HTTP/1.1 200  (112ms)
10:25:51:862 DEBUG 10644 --- [http-nio-8085-exec-1] com.hmall.api.client.ItemClient          : [ItemClient#queryItemByIds] connection: keep-alive
10:25:51:862 DEBUG 10644 --- [http-nio-8085-exec-1] com.hmall.api.client.ItemClient          : [ItemClient#queryItemByIds] content-type: application/json
10:25:51:862 DEBUG 10644 --- [http-nio-8085-exec-1] com.hmall.api.client.ItemClient          : [ItemClient#queryItemByIds] date: Sat, 18 Jul 2026 02:25:51 GMT
10:25:51:862 DEBUG 10644 --- [http-nio-8085-exec-1] com.hmall.api.client.ItemClient          : [ItemClient#queryItemByIds] keep-alive: timeout=60
10:25:51:862 DEBUG 10644 --- [http-nio-8085-exec-1] com.hmall.api.client.ItemClient          : [ItemClient#queryItemByIds] transfer-encoding: chunked
10:25:51:862 DEBUG 10644 --- [http-nio-8085-exec-1] com.hmall.api.client.ItemClient          : [ItemClient#queryItemByIds] 
10:25:51:863 DEBUG 10644 --- [http-nio-8085-exec-1] com.hmall.api.client.ItemClient          : [ItemClient#queryItemByIds] [{"id":"100001905417","name":"【千玺代言】华为新品 HUAWEI nova 4 极点全面屏手机 2000万超广角三摄 8GB+128GB 蜜语红 全网通双卡双待","price":224900,"stock":9999,"image":"https://m.360buyimg.com/mobilecms/s720x720_jfs/t1/20085/14/1076/149604/5c0f8dd2Ebafd3bfd/0cb34a7826cbe1c3.jpg!q70.jpg.webp","category":"手机","brand":"华为","spec":"{\"颜色\": \"红色\"}","sold":0,"commentCount":0,"isAD":false,"status":1}]
10:25:51:863 DEBUG 10644 --- [http-nio-8085-exec-1] com.hmall.api.client.ItemClient          : [ItemClient#queryItemByIds] <--- END HTTP (446-byte body)
10:25:51:890 DEBUG 10644 --- [http-nio-8085-exec-1] c.hmall.trade.mapper.OrderMapper.insert  : ==>  Preparing: INSERT INTO `order` ( id, total_fee, payment_type, user_id, status ) VALUES ( ?, ?, ?, ?, ? )
10:25:51:903 DEBUG 10644 --- [http-nio-8085-exec-1] c.hmall.trade.mapper.OrderMapper.insert  : ==> Parameters: 2078305218893737986(Long), 224900(Integer), 3(Integer), 1(Long), 1(Integer)
10:25:51:906 DEBUG 10644 --- [http-nio-8085-exec-1] c.hmall.trade.mapper.OrderMapper.insert  : <==    Updates: 1
10:25:51:912 DEBUG 10644 --- [http-nio-8085-exec-1] c.h.t.mapper.OrderDetailMapper.insert    : ==>  Preparing: INSERT INTO order_detail ( order_id, item_id, num, name, spec, price, image ) VALUES ( ?, ?, ?, ?, ?, ?, ? )
10:25:51:913 DEBUG 10644 --- [http-nio-8085-exec-1] c.h.t.mapper.OrderDetailMapper.insert    : ==> Parameters: 2078305218893737986(Long), 100001905417(Long), 1(Integer), 【千玺代言】华为新品 HUAWEI nova 4 极点全面屏手机 2000万超广角三摄 8GB+128GB 蜜语红 全网通双卡双待(String), {"颜色": "红色"}(String), 224900(Integer), https://m.360buyimg.com/mobilecms/s720x720_jfs/t1/20085/14/1076/149604/5c0f8dd2Ebafd3bfd/0cb34a7826cbe1c3.jpg!q70.jpg.webp(String)
10:25:51:924 DEBUG 10644 --- [http-nio-8085-exec-1] com.hmall.api.client.CartClient          : [CartClient#deleteCartItemByIds] ---> DELETE http://cart-service/carts?ids=100001905417 HTTP/1.1
10:25:51:924 DEBUG 10644 --- [http-nio-8085-exec-1] com.hmall.api.client.CartClient          : [CartClient#deleteCartItemByIds] user-info: 1
10:25:51:924 DEBUG 10644 --- [http-nio-8085-exec-1] com.hmall.api.client.CartClient          : [CartClient#deleteCartItemByIds] ---> END HTTP (0-byte body)
10:25:51:968 DEBUG 10644 --- [http-nio-8085-exec-1] com.hmall.api.client.CartClient          : [CartClient#deleteCartItemByIds] <--- HTTP/1.1 200  (43ms)
10:25:51:968 DEBUG 10644 --- [http-nio-8085-exec-1] com.hmall.api.client.CartClient          : [CartClient#deleteCartItemByIds] connection: keep-alive
10:25:51:968 DEBUG 10644 --- [http-nio-8085-exec-1] com.hmall.api.client.CartClient          : [CartClient#deleteCartItemByIds] content-length: 0
10:25:51:968 DEBUG 10644 --- [http-nio-8085-exec-1] com.hmall.api.client.CartClient          : [CartClient#deleteCartItemByIds] date: Sat, 18 Jul 2026 02:25:51 GMT
10:25:51:968 DEBUG 10644 --- [http-nio-8085-exec-1] com.hmall.api.client.CartClient          : [CartClient#deleteCartItemByIds] keep-alive: timeout=60
10:25:51:968 DEBUG 10644 --- [http-nio-8085-exec-1] com.hmall.api.client.CartClient          : [CartClient#deleteCartItemByIds] <--- END HTTP (0-byte body)
10:25:51:974 DEBUG 10644 --- [http-nio-8085-exec-1] com.hmall.api.client.ItemClient          : [ItemClient#deductStock] ---> PUT http://item-service/items/stock/deduct HTTP/1.1
10:25:51:974 DEBUG 10644 --- [http-nio-8085-exec-1] com.hmall.api.client.ItemClient          : [ItemClient#deductStock] Content-Length: 35
10:25:51:974 DEBUG 10644 --- [http-nio-8085-exec-1] com.hmall.api.client.ItemClient          : [ItemClient#deductStock] Content-Type: application/json
10:25:51:974 DEBUG 10644 --- [http-nio-8085-exec-1] com.hmall.api.client.ItemClient          : [ItemClient#deductStock] user-info: 1
10:25:51:974 DEBUG 10644 --- [http-nio-8085-exec-1] com.hmall.api.client.ItemClient          : [ItemClient#deductStock] 
10:25:51:974 DEBUG 10644 --- [http-nio-8085-exec-1] com.hmall.api.client.ItemClient          : [ItemClient#deductStock] [{"itemId":"100001905417","num":1}]
10:25:51:974 DEBUG 10644 --- [http-nio-8085-exec-1] com.hmall.api.client.ItemClient          : [ItemClient#deductStock] ---> END HTTP (35-byte body)
10:25:51:993 DEBUG 10644 --- [http-nio-8085-exec-1] com.hmall.api.client.ItemClient          : [ItemClient#deductStock] <--- HTTP/1.1 200  (18ms)
10:25:51:993 DEBUG 10644 --- [http-nio-8085-exec-1] com.hmall.api.client.ItemClient          : [ItemClient#deductStock] connection: keep-alive
10:25:51:993 DEBUG 10644 --- [http-nio-8085-exec-1] com.hmall.api.client.ItemClient          : [ItemClient#deductStock] content-length: 0
10:25:51:993 DEBUG 10644 --- [http-nio-8085-exec-1] com.hmall.api.client.ItemClient          : [ItemClient#deductStock] date: Sat, 18 Jul 2026 02:25:51 GMT
10:25:51:993 DEBUG 10644 --- [http-nio-8085-exec-1] com.hmall.api.client.ItemClient          : [ItemClient#deductStock] keep-alive: timeout=60
10:25:51:993 DEBUG 10644 --- [http-nio-8085-exec-1] com.hmall.api.client.ItemClient          : [ItemClient#deductStock] <--- END HTTP (0-byte body)
10:25:52:057 DEBUG 10644 --- [http-nio-8085-exec-6] c.h.trade.mapper.OrderMapper.selectById  : ==>  Preparing: SELECT id,total_fee,payment_type,user_id,status,create_time,pay_time,consign_time,end_time,close_time,comment_time,update_time FROM `order` WHERE id=?
10:25:52:058 DEBUG 10644 --- [http-nio-8085-exec-6] c.h.trade.mapper.OrderMapper.selectById  : ==> Parameters: 2078305218893737986(Long)
10:25:52:069 DEBUG 10644 --- [http-nio-8085-exec-6] c.h.trade.mapper.OrderMapper.selectById  : <==      Total: 1
10:25:52:349  INFO 10644 --- [nacos-grpc-client-executor-50] com.alibaba.nacos.common.remote.client   : [1844a210-86c7-42a0-8470-757d8c81772b] Receive server push request, request = NotifySubscriberRequest, requestId = 80
10:25:52:349  INFO 10644 --- [nacos-grpc-client-executor-50] com.alibaba.nacos.common.remote.client   : [1844a210-86c7-42a0-8470-757d8c81772b] Ack server push request, request = NotifySubscriberRequest, requestId = 80
10:25:52:446  INFO 10644 --- [nacos-grpc-client-executor-51] com.alibaba.nacos.common.remote.client   : [1844a210-86c7-42a0-8470-757d8c81772b] Receive server push request, request = NotifySubscriberRequest, requestId = 81
10:25:52:447  INFO 10644 --- [nacos-grpc-client-executor-51] com.alibaba.nacos.common.remote.client   : [1844a210-86c7-42a0-8470-757d8c81772b] Ack server push request, request = NotifySubscriberRequest, requestId = 81
10:30:58:686 DEBUG 10644 --- [http-nio-8085-exec-7] com.hmall.api.client.ItemClient          : [ItemClient#queryItemByIds] ---> GET http://item-service/items?ids=100001905417 HTTP/1.1
10:30:58:686 DEBUG 10644 --- [http-nio-8085-exec-7] com.hmall.api.client.ItemClient          : [ItemClient#queryItemByIds] user-info: 1
10:30:58:686 DEBUG 10644 --- [http-nio-8085-exec-7] com.hmall.api.client.ItemClient          : [ItemClient#queryItemByIds] ---> END HTTP (0-byte body)
10:30:58:697 DEBUG 10644 --- [http-nio-8085-exec-7] com.hmall.api.client.ItemClient          : [ItemClient#queryItemByIds] <--- HTTP/1.1 200  (10ms)
10:30:58:697 DEBUG 10644 --- [http-nio-8085-exec-7] com.hmall.api.client.ItemClient          : [ItemClient#queryItemByIds] connection: keep-alive
10:30:58:697 DEBUG 10644 --- [http-nio-8085-exec-7] com.hmall.api.client.ItemClient          : [ItemClient#queryItemByIds] content-type: application/json
10:30:58:697 DEBUG 10644 --- [http-nio-8085-exec-7] com.hmall.api.client.ItemClient          : [ItemClient#queryItemByIds] date: Sat, 18 Jul 2026 02:30:58 GMT
10:30:58:697 DEBUG 10644 --- [http-nio-8085-exec-7] com.hmall.api.client.ItemClient          : [ItemClient#queryItemByIds] keep-alive: timeout=60
10:30:58:697 DEBUG 10644 --- [http-nio-8085-exec-7] com.hmall.api.client.ItemClient          : [ItemClient#queryItemByIds] transfer-encoding: chunked
10:30:58:697 DEBUG 10644 --- [http-nio-8085-exec-7] com.hmall.api.client.ItemClient          : [ItemClient#queryItemByIds] 
10:30:58:697 DEBUG 10644 --- [http-nio-8085-exec-7] com.hmall.api.client.ItemClient          : [ItemClient#queryItemByIds] [{"id":"100001905417","name":"【千玺代言】华为新品 HUAWEI nova 4 极点全面屏手机 2000万超广角三摄 8GB+128GB 蜜语红 全网通双卡双待","price":224900,"stock":9998,"image":"https://m.360buyimg.com/mobilecms/s720x720_jfs/t1/20085/14/1076/149604/5c0f8dd2Ebafd3bfd/0cb34a7826cbe1c3.jpg!q70.jpg.webp","category":"手机","brand":"华为","spec":"{\"颜色\": \"红色\"}","sold":0,"commentCount":0,"isAD":false,"status":1}]
10:30:58:697 DEBUG 10644 --- [http-nio-8085-exec-7] com.hmall.api.client.ItemClient          : [ItemClient#queryItemByIds] <--- END HTTP (446-byte body)
10:30:58:698 DEBUG 10644 --- [http-nio-8085-exec-7] c.hmall.trade.mapper.OrderMapper.insert  : ==>  Preparing: INSERT INTO `order` ( id, total_fee, payment_type, user_id, status ) VALUES ( ?, ?, ?, ?, ? )
10:30:58:698 DEBUG 10644 --- [http-nio-8085-exec-7] c.hmall.trade.mapper.OrderMapper.insert  : ==> Parameters: 2078306505752342530(Long), 224900(Integer), 3(Integer), 1(Long), 1(Integer)
10:30:58:701 DEBUG 10644 --- [http-nio-8085-exec-7] c.hmall.trade.mapper.OrderMapper.insert  : <==    Updates: 1
10:30:58:701 DEBUG 10644 --- [http-nio-8085-exec-7] c.h.t.mapper.OrderDetailMapper.insert    : ==>  Preparing: INSERT INTO order_detail ( order_id, item_id, num, name, spec, price, image ) VALUES ( ?, ?, ?, ?, ?, ?, ? )
10:30:58:701 DEBUG 10644 --- [http-nio-8085-exec-7] c.h.t.mapper.OrderDetailMapper.insert    : ==> Parameters: 2078306505752342530(Long), 100001905417(Long), 1(Integer), 【千玺代言】华为新品 HUAWEI nova 4 极点全面屏手机 2000万超广角三摄 8GB+128GB 蜜语红 全网通双卡双待(String), {"颜色": "红色"}(String), 224900(Integer), https://m.360buyimg.com/mobilecms/s720x720_jfs/t1/20085/14/1076/149604/5c0f8dd2Ebafd3bfd/0cb34a7826cbe1c3.jpg!q70.jpg.webp(String)
10:30:58:703 DEBUG 10644 --- [http-nio-8085-exec-7] com.hmall.api.client.CartClient          : [CartClient#deleteCartItemByIds] ---> DELETE http://cart-service/carts?ids=100001905417 HTTP/1.1
10:30:58:703 DEBUG 10644 --- [http-nio-8085-exec-7] com.hmall.api.client.CartClient          : [CartClient#deleteCartItemByIds] user-info: 1
10:30:58:703 DEBUG 10644 --- [http-nio-8085-exec-7] com.hmall.api.client.CartClient          : [CartClient#deleteCartItemByIds] ---> END HTTP (0-byte body)
10:30:58:715 DEBUG 10644 --- [http-nio-8085-exec-7] com.hmall.api.client.CartClient          : [CartClient#deleteCartItemByIds] <--- HTTP/1.1 200  (12ms)
10:30:58:716 DEBUG 10644 --- [http-nio-8085-exec-7] com.hmall.api.client.CartClient          : [CartClient#deleteCartItemByIds] connection: keep-alive
10:30:58:716 DEBUG 10644 --- [http-nio-8085-exec-7] com.hmall.api.client.CartClient          : [CartClient#deleteCartItemByIds] content-length: 0
10:30:58:716 DEBUG 10644 --- [http-nio-8085-exec-7] com.hmall.api.client.CartClient          : [CartClient#deleteCartItemByIds] date: Sat, 18 Jul 2026 02:30:58 GMT
10:30:58:716 DEBUG 10644 --- [http-nio-8085-exec-7] com.hmall.api.client.CartClient          : [CartClient#deleteCartItemByIds] keep-alive: timeout=60
10:30:58:716 DEBUG 10644 --- [http-nio-8085-exec-7] com.hmall.api.client.CartClient          : [CartClient#deleteCartItemByIds] <--- END HTTP (0-byte body)
10:30:58:716 DEBUG 10644 --- [http-nio-8085-exec-7] com.hmall.api.client.ItemClient          : [ItemClient#deductStock] ---> PUT http://item-service/items/stock/deduct HTTP/1.1
10:30:58:716 DEBUG 10644 --- [http-nio-8085-exec-7] com.hmall.api.client.ItemClient          : [ItemClient#deductStock] Content-Length: 35
10:30:58:716 DEBUG 10644 --- [http-nio-8085-exec-7] com.hmall.api.client.ItemClient          : [ItemClient#deductStock] Content-Type: application/json
10:30:58:716 DEBUG 10644 --- [http-nio-8085-exec-7] com.hmall.api.client.ItemClient          : [ItemClient#deductStock] user-info: 1
10:30:58:716 DEBUG 10644 --- [http-nio-8085-exec-7] com.hmall.api.client.ItemClient          : [ItemClient#deductStock] 
10:30:58:716 DEBUG 10644 --- [http-nio-8085-exec-7] com.hmall.api.client.ItemClient          : [ItemClient#deductStock] [{"itemId":"100001905417","num":1}]
10:30:58:716 DEBUG 10644 --- [http-nio-8085-exec-7] com.hmall.api.client.ItemClient          : [ItemClient#deductStock] ---> END HTTP (35-byte body)
10:30:58:723 DEBUG 10644 --- [http-nio-8085-exec-7] com.hmall.api.client.ItemClient          : [ItemClient#deductStock] <--- HTTP/1.1 200  (7ms)
10:30:58:723 DEBUG 10644 --- [http-nio-8085-exec-7] com.hmall.api.client.ItemClient          : [ItemClient#deductStock] connection: keep-alive
10:30:58:723 DEBUG 10644 --- [http-nio-8085-exec-7] com.hmall.api.client.ItemClient          : [ItemClient#deductStock] content-length: 0
10:30:58:723 DEBUG 10644 --- [http-nio-8085-exec-7] com.hmall.api.client.ItemClient          : [ItemClient#deductStock] date: Sat, 18 Jul 2026 02:30:58 GMT
10:30:58:723 DEBUG 10644 --- [http-nio-8085-exec-7] com.hmall.api.client.ItemClient          : [ItemClient#deductStock] keep-alive: timeout=60
10:30:58:723 DEBUG 10644 --- [http-nio-8085-exec-7] com.hmall.api.client.ItemClient          : [ItemClient#deductStock] <--- END HTTP (0-byte body)
10:30:58:767 DEBUG 10644 --- [http-nio-8085-exec-5] c.h.trade.mapper.OrderMapper.selectById  : ==>  Preparing: SELECT id,total_fee,payment_type,user_id,status,create_time,pay_time,consign_time,end_time,close_time,comment_time,update_time FROM `order` WHERE id=?
10:30:58:768 DEBUG 10644 --- [http-nio-8085-exec-5] c.h.trade.mapper.OrderMapper.selectById  : ==> Parameters: 2078306505752342530(Long)
10:30:58:769 DEBUG 10644 --- [http-nio-8085-exec-5] c.h.trade.mapper.OrderMapper.selectById  : <==      Total: 1
11:25:15:167  INFO 10644 --- [nacos-grpc-client-executor-856] com.alibaba.nacos.common.remote.client   : [1844a210-86c7-42a0-8470-757d8c81772b] Receive server push request, request = NotifySubscriberRequest, requestId = 95
11:25:15:179  INFO 10644 --- [nacos-grpc-client-executor-856] com.alibaba.nacos.common.remote.client   : [1844a210-86c7-42a0-8470-757d8c81772b] Ack server push request, request = NotifySubscriberRequest, requestId = 95
